Archive member included to satisfy reference by file (symbol)

D:/STM32CubeIDE_2.1.1/STM32CubeIDE/plugins/com.st.stm32cube.ide.mcu.externaltools.gnu-tools-for-stm32.14.3.rel1.win32_1.0.100.202602081740/tools/bin/../lib/gcc/arm-none-eabi/14.3.1/../../../../arm-none-eabi/lib/thumb/v7e-m+fp/hard\libc_nano.a(libc_a-exit.o)
                              D:/STM32CubeIDE_2.1.1/STM32CubeIDE/plugins/com.st.stm32cube.ide.mcu.externaltools.gnu-tools-for-stm32.14.3.rel1.win32_1.0.100.202602081740/tools/bin/../lib/gcc/arm-none-eabi/14.3.1/../../../../arm-none-eabi/lib/thumb/v7e-m+fp/hard/crt0.o (exit)
D:/STM32CubeIDE_2.1.1/STM32CubeIDE/plugins/com.st.stm32cube.ide.mcu.externaltools.gnu-tools-for-stm32.14.3.rel1.win32_1.0.100.202602081740/tools/bin/../lib/gcc/arm-none-eabi/14.3.1/../../../../arm-none-eabi/lib/thumb/v7e-m+fp/hard\libc_nano.a(libc_a-rand.o)
                              ./User_bsp/glcd-master/unit_tests.o (rand)
D:/STM32CubeIDE_2.1.1/STM32CubeIDE/plugins/com.st.stm32cube.ide.mcu.externaltools.gnu-tools-for-stm32.14.3.rel1.win32_1.0.100.202602081740/tools/bin/../lib/gcc/arm-none-eabi/14.3.1/../../../../arm-none-eabi/lib/thumb/v7e-m+fp/hard\libc_nano.a(libc_a-findfp.o)
                              D:/STM32CubeIDE_2.1.1/STM32CubeIDE/plugins/com.st.stm32cube.ide.mcu.externaltools.gnu-tools-for-stm32.14.3.rel1.win32_1.0.100.202602081740/tools/bin/../lib/gcc/arm-none-eabi/14.3.1/../../../../arm-none-eabi/lib/thumb/v7e-m+fp/hard\libc_nano.a(libc_a-exit.o) (__stdio_exit_handler)
D:/STM32CubeIDE_2.1.1/STM32CubeIDE/plugins/com.st.stm32cube.ide.mcu.externaltools.gnu-tools-for-stm32.14.3.rel1.win32_1.0.100.202602081740/tools/bin/../lib/gcc/arm-none-eabi/14.3.1/../../../../arm-none-eabi/lib/thumb/v7e-m+fp/hard\libc_nano.a(libc_a-fwalk.o)
                              D:/STM32CubeIDE_2.1.1/STM32CubeIDE/plugins/com.st.stm32cube.ide.mcu.externaltools.gnu-tools-for-stm32.14.3.rel1.win32_1.0.100.202602081740/tools/bin/../lib/gcc/arm-none-eabi/14.3.1/../../../../arm-none-eabi/lib/thumb/v7e-m+fp/hard\libc_nano.a(libc_a-findfp.o) (_fwalk_sglue)
D:/STM32CubeIDE_2.1.1/STM32CubeIDE/plugins/com.st.stm32cube.ide.mcu.externaltools.gnu-tools-for-stm32.14.3.rel1.win32_1.0.100.202602081740/tools/bin/../lib/gcc/arm-none-eabi/14.3.1/../../../../arm-none-eabi/lib/thumb/v7e-m+fp/hard\libc_nano.a(libc_a-snprintf.o)
                              ./User_app/interface_lcd.o (snprintf)
D:/STM32CubeIDE_2.1.1/STM32CubeIDE/plugins/com.st.stm32cube.ide.mcu.externaltools.gnu-tools-for-stm32.14.3.rel1.win32_1.0.100.202602081740/tools/bin/../lib/gcc/arm-none-eabi/14.3.1/../../../../arm-none-eabi/lib/thumb/v7e-m+fp/hard\libc_nano.a(libc_a-sprintf.o)
                              ./User_bsp/glcd-master/unit_tests.o (sprintf)
D:/STM32CubeIDE_2.1.1/STM32CubeIDE/plugins/com.st.stm32cube.ide.mcu.externaltools.gnu-tools-for-stm32.14.3.rel1.win32_1.0.100.202602081740/tools/bin/../lib/gcc/arm-none-eabi/14.3.1/../../../../arm-none-eabi/lib/thumb/v7e-m+fp/hard\libc_nano.a(libc_a-stdio.o)
                              D:/STM32CubeIDE_2.1.1/STM32CubeIDE/plugins/com.st.stm32cube.ide.mcu.externaltools.gnu-tools-for-stm32.14.3.rel1.win32_1.0.100.202602081740/tools/bin/../lib/gcc/arm-none-eabi/14.3.1/../../../../arm-none-eabi/lib/thumb/v7e-m+fp/hard\libc_nano.a(libc_a-findfp.o) (__sread)
D:/STM32CubeIDE_2.1.1/STM32CubeIDE/plugins/com.st.stm32cube.ide.mcu.externaltools.gnu-tools-for-stm32.14.3.rel1.win32_1.0.100.202602081740/tools/bin/../lib/gcc/arm-none-eabi/14.3.1/../../../../arm-none-eabi/lib/thumb/v7e-m+fp/hard\libc_nano.a(libc_a-memcmp.o)
                              ./User_app/button_handle.o (memcmp)
D:/STM32CubeIDE_2.1.1/STM32CubeIDE/plugins/com.st.stm32cube.ide.mcu.externaltools.gnu-tools-for-stm32.14.3.rel1.win32_1.0.100.202602081740/tools/bin/../lib/gcc/arm-none-eabi/14.3.1/../../../../arm-none-eabi/lib/thumb/v7e-m+fp/hard\libc_nano.a(libc_a-memset.o)
                              D:/STM32CubeIDE_2.1.1/STM32CubeIDE/plugins/com.st.stm32cube.ide.mcu.externaltools.gnu-tools-for-stm32.14.3.rel1.win32_1.0.100.202602081740/tools/bin/../lib/gcc/arm-none-eabi/14.3.1/../../../../arm-none-eabi/lib/thumb/v7e-m+fp/hard/crt0.o (memset)
D:/STM32CubeIDE_2.1.1/STM32CubeIDE/plugins/com.st.stm32cube.ide.mcu.externaltools.gnu-tools-for-stm32.14.3.rel1.win32_1.0.100.202602081740/tools/bin/../lib/gcc/arm-none-eabi/14.3.1/../../../../arm-none-eabi/lib/thumb/v7e-m+fp/hard\libc_nano.a(libc_a-closer.o)
                              D:/STM32CubeIDE_2.1.1/STM32CubeIDE/plugins/com.st.stm32cube.ide.mcu.externaltools.gnu-tools-for-stm32.14.3.rel1.win32_1.0.100.202602081740/tools/bin/../lib/gcc/arm-none-eabi/14.3.1/../../../../arm-none-eabi/lib/thumb/v7e-m+fp/hard\libc_nano.a(libc_a-stdio.o) (_close_r)
D:/STM32CubeIDE_2.1.1/STM32CubeIDE/plugins/com.st.stm32cube.ide.mcu.externaltools.gnu-tools-for-stm32.14.3.rel1.win32_1.0.100.202602081740/tools/bin/../lib/gcc/arm-none-eabi/14.3.1/../../../../arm-none-eabi/lib/thumb/v7e-m+fp/hard\libc_nano.a(libc_a-reent.o)
[...]
Memory Configuration

Name             Origin             Length             Attributes
RAM              0x20000000         0x0000c000         xrw
RAM2             0x10000000         0x00004000         xrw
FLASH            0x08000000         0x00040000         xr
*default*        0x00000000         0xffffffff

Linker script and memory map

LOAD D:/STM32CubeIDE_2.1.1/STM32CubeIDE/plugins/com.st.stm32cube.ide.mcu.externaltools.gnu-tools-for-stm32.14.3.rel1.win32_1.0.100.202602081740/tools/bin/../lib/gcc/arm-none-eabi/14.3.1/thumb/v7e-m+fp/hard/crti.o
LOAD D:/STM32CubeIDE_2.1.1/STM32CubeIDE/plugins/com.st.stm32cube.ide.mcu.externaltools.gnu-tools-for-stm32.14.3.rel1.win32_1.0.100.202602081740/tools/bin/../lib/gcc/arm-none-eabi/14.3.1/thumb/v7e-m+fp/hard/crtbegin.o
LOAD D:/STM32CubeIDE_2.1.1/STM32CubeIDE/plugins/com.st.stm32cube.ide.mcu.externaltools.gnu-tools-for-stm32.14.3.rel1.win32_1.0.100.202602081740/tools/bin/../lib/gcc/arm-none-eabi/14.3.1/../../../../arm-none-eabi/lib/thumb/v7e-m+fp/hard/crt0.o
LOAD ./Core/Src/gpio.o
LOAD ./Core/Src/main.o
LOAD ./Core/Src/spi.o
LOAD ./Core/Src/stm32l4xx_hal_msp.o
LOAD ./Core/Src/stm32l4xx_it.o
LOAD ./Core/Src/syscalls.o
LOAD ./Core/Src/sysmem.o
LOAD ./Core/Src/system_stm32l4xx.o
LOAD ./Core/Src/usart.o
LOAD ./Core/Startup/startup_stm32l433rctx.o
LOAD ./Drivers/STM32L4xx_HAL_Driver/Src/stm32l4xx_hal.o
LOAD ./Drivers/STM32L4xx_HAL_Driver/Src/stm32l4xx_hal_cortex.o
LOAD ./Drivers/STM32L4xx_HAL_Driver/Src/stm32l4xx_hal_dma.o
LOAD ./Drivers/STM32L4xx_HAL_Driver/Src/stm32l4xx_hal_dma_ex.o
LOAD ./Drivers/STM32L4xx_HAL_Driver/Src/stm32l4xx_hal_exti.o
LOAD ./Drivers/STM32L4xx_HAL_Driver/Src/stm32l4xx_hal_flash.o
LOAD ./Drivers/STM32L4xx_HAL_Driver/Src/stm32l4xx_hal_flash_ex.o
LOAD ./Drivers/STM32L4xx_HAL_Driver/Src/stm32l4xx_hal_flash_ramfunc.o
LOAD ./Drivers/STM32L4xx_HAL_Driver/Src/stm32l4xx_hal_gpio.o
LOAD ./Drivers/STM32L4xx_HAL_Driver/Src/stm32l4xx_hal_i2c.o
LOAD ./Drivers/STM32L4xx_HAL_Driver/Src/stm32l4xx_hal_i2c_ex.o
LOAD ./Drivers/STM32L4xx_HAL_Driver/Src/stm32l4xx_hal_pwr.o
LOAD ./Drivers/STM32L4xx_HAL_Driver/Src/stm32l4xx_hal_pwr_ex.o
LOAD ./Drivers/STM32L4xx_HAL_Driver/Src/stm32l4xx_hal_rcc.o
LOAD ./Drivers/STM32L4xx_HAL_Driver/Src/stm32l4xx_hal_rcc_ex.o
LOAD ./Drivers/STM32L4xx_HAL_Driver/Src/stm32l4xx_hal_spi.o
LOAD ./Drivers/STM32L4xx_HAL_Driver/Src/stm32l4xx_hal_spi_ex.o
LOAD ./Drivers/STM32L4xx_HAL_Driver/Src/stm32l4xx_hal_uart.o
LOAD ./Drivers/STM32L4xx_HAL_Driver/Src/stm32l4xx_hal_uart_ex.o
LOAD ./User_app/Task.o
LOAD ./User_app/button_handle.o
LOAD ./User_app/clo_rc68.o
LOAD ./User_app/interface_lcd.o
LOAD ./User_bsp/glcd-master/controllers/NT75451.o
LOAD ./User_bsp/glcd-master/controllers/PCD8544.o
LOAD ./User_bsp/glcd-master/controllers/ST7565R.o
LOAD ./User_bsp/glcd-master/devices/AVR8.o
LOAD ./User_bsp/glcd-master/devices/LPC111x.o
LOAD ./User_bsp/glcd-master/devices/LPC11Uxx.o
LOAD ./User_bsp/glcd-master/devices/PIC24H.o
LOAD ./User_bsp/glcd-master/devices/PIC32.o
LOAD ./User_bsp/glcd-master/devices/STM32F0xx.o
LOAD ./User_bsp/glcd-master/devices/STM32F10x.o
LOAD ./User_bsp/glcd-master/devices/STM32F4.o
LOAD ./User_bsp/glcd-master/devices/STM32L4.o
LOAD ./User_bsp/glcd-master/glcd.o
LOAD ./User_bsp/glcd-master/graphics.o
LOAD ./User_bsp/glcd-master/graphs.o
LOAD ./User_bsp/glcd-master/text.o
LOAD ./User_bsp/glcd-master/text_tiny.o
LOAD ./User_bsp/glcd-master/unit_tests.o
LOAD ./User_bsp/rs485/bsp_rs485.o
LOAD ./User_bsp/timer/bsp_timer.o
LOAD ./User_bsp/uart/bsp_uart.o
LOAD ./User_middleware/modbus/modbus_crc.o
LOAD ./User_middleware/modbus/modbus_master.o
LOAD ./User_middleware/modbus/modbus_rtu.o
LOAD ./User_utils/crc.o
LOAD ./User_utils/delay.o
START GROUP
LOAD D:/STM32CubeIDE_2.1.1/STM32CubeIDE/plugins/com.st.stm32cube.ide.mcu.externaltools.gnu-tools-for-stm32.14.3.rel1.win32_1.0.100.202602081740/tools/bin/../lib/gcc/arm-none-eabi/14.3.1/../../../../arm-none-eabi/lib/thumb/v7e-m+fp/hard\libc_nano.a
LOAD D:/STM32CubeIDE_2.1.1/STM32CubeIDE/plugins/com.st.stm32cube.ide.mcu.externaltools.gnu-tools-for-stm32.14.3.rel1.win32_1.0.100.202602081740/tools/bin/../lib/gcc/arm-none-eabi/14.3.1/../../../../arm-none-eabi/lib/thumb/v7e-m+fp/hard\libm.a
END GROUP
START GROUP
LOAD D:/STM32CubeIDE_2.1.1/STM32CubeIDE/plugins/com.st.stm32cube.ide.mcu.externaltools.gnu-tools-for-stm32.14.3.rel1.win32_1.0.100.202602081740/tools/bin/../lib/gcc/arm-none-eabi/14.3.1/thumb/v7e-m+fp/hard\libgcc.a
LOAD D:/STM32CubeIDE_2.1.1/STM32CubeIDE/plugins/com.st.stm32cube.ide.mcu.externaltools.gnu-tools-for-stm32.14.3.rel1.win32_1.0.100.202602081740/tools/bin/../lib/gcc/arm-none-eabi/14.3.1/../../../../arm-none-eabi/lib/thumb/v7e-m+fp/hard\libc_nano.a
END GROUP
START GROUP
LOAD D:/STM32CubeIDE_2.1.1/STM32CubeIDE/plugins/com.st.stm32cube.ide.mcu.externaltools.gnu-tools-for-stm32.14.3.rel1.win32_1.0.100.202602081740/tools/bin/../lib/gcc/arm-none-eabi/14.3.1/thumb/v7e-m+fp/hard\libgcc.a
LOAD D:/STM32CubeIDE_2.1.1/STM32CubeIDE/plugins/com.st.stm32cube.ide.mcu.externaltools.gnu-tools-for-stm32.14.3.rel1.win32_1.0.100.202602081740/tools/bin/../lib/gcc/arm-none-eabi/14.3.1/../../../../arm-none-eabi/lib/thumb/v7e-m+fp/hard\libc_nano.a
LOAD D:/STM32CubeIDE_2.1.1/STM32CubeIDE/plugins/com.st.stm32cube.ide.mcu.externaltools.gnu-tools-for-stm32.14.3.rel1.win32_1.0.100.202602081740/tools/bin/../lib/gcc/arm-none-eabi/14.3.1/../../../../arm-none-eabi/lib/thumb/v7e-m+fp/hard\libnosys.a
END GROUP
START GROUP
LOAD D:/STM32CubeIDE_2.1.1/STM32CubeIDE/plugins/com.st.stm32cube.ide.mcu.externaltools.gnu-tools-for-stm32.14.3.rel1.win32_1.0.100.202602081740/tools/bin/../lib/gcc/arm-none-eabi/14.3.1/thumb/v7e-m+fp/hard\libgcc.a
LOAD D:/STM32CubeIDE_2.1.1/STM32CubeIDE/plugins/com.st.stm32cube.ide.mcu.externaltools.gnu-tools-for-stm32.14.3.rel1.win32_1.0.100.202602081740/tools/bin/../lib/gcc/arm-none-eabi/14.3.1/../../../../arm-none-eabi/lib/thumb/v7e-m+fp/hard\libc_nano.a
LOAD D:/STM32CubeIDE_2.1.1/STM32CubeIDE/plugins/com.st.stm32cube.ide.mcu.externaltools.gnu-tools-for-stm32.14.3.rel1.win32_1.0.100.202602081740/tools/bin/../lib/gcc/arm-none-eabi/14.3.1/../../../../arm-none-eabi/lib/thumb/v7e-m+fp/hard\libnosys.a
END GROUP
LOAD D:/STM32CubeIDE_2.1.1/STM32CubeIDE/plugins/com.st.stm32cube.ide.mcu.externaltools.gnu-tools-for-stm32.14.3.rel1.win32_1.0.100.202602081740/tools/bin/../lib/gcc/arm-none-eabi/14.3.1/thumb/v7e-m+fp/hard/crtend.o
LOAD D:/STM32CubeIDE_2.1.1/STM32CubeIDE/plugins/com.st.stm32cube.ide.mcu.externaltools.gnu-tools-for-stm32.14.3.rel1.win32_1.0.100.202602081740/tools/bin/../lib/gcc/arm-none-eabi/14.3.1/thumb/v7e-m+fp/hard/crtn.o
                0x2000c000                        _estack = (ORIGIN (RAM) + LENGTH (RAM))
                0x00000200                        _Min_Heap_Size = 0x200
                0x00000400                        _Min_Stack_Size = 0x400

.isr_vector     0x08000000      0x18c
                0x08000000                        . = ALIGN (0x4)
 *(.isr_vector)
 .isr_vector    0x08000000      0x18c ./Core/Startup/startup_stm32l433rctx.o
                0x08000000                g_pfnVectors
                0x0800018c                        . = ALIGN (0x4)

.text           0x08000190     0x7f9c
                0x08000190                        . = ALIGN (0x4)
 *(.text)
 .text          0x08000190       0x40 D:/STM32CubeIDE_2.1.1/STM32CubeIDE/plugins/com.st.stm32cube.ide.mcu.externaltools.gnu-tools-for-stm32.14.3.rel1.win32_1.0.100.202602081740/tools/bin/../lib/gcc/arm-none-eabi/14.3.1/thumb/v7e-m+fp/hard/crtbegin.o
 .text          0x080001d0       0x10 D:/STM32CubeIDE_2.1.1/STM32CubeIDE/plugins/com.st.stm32cube.ide.mcu.externaltools.gnu-tools-for-stm32.14.3.rel1.win32_1.0.100.202602081740/tools/bin/../lib/gcc/arm-none-eabi/14.3.1/../../../../arm-none-eabi/lib/thumb/v7e-m+fp/hard\libc_nano.a(libc_a-strlen.o)
                0x080001d0                strlen
 .text          0x080001e0       0xa0 D:/STM32CubeIDE_2.1.1/STM32CubeIDE/plugins/com.st.stm32cube.ide.mcu.externaltools.gnu-tools-for-stm32.14.3.rel1.win32_1.0.100.202602081740/tools/bin/../lib/gcc/arm-none-eabi/14.3.1/../../../../arm-none-eabi/lib/thumb/v7e-m+fp/hard\libc_nano.a(libc_a-memchr.o)
                0x080001e0                memchr
 .text          0x08000280       0x30 D:/STM32CubeIDE_2.1.1/STM32CubeIDE/plugins/com.st.stm32cube.ide.mcu.externaltools.gnu-tools-for-stm32.14.3.rel1.win32_1.0.100.202602081740/tools/bin/../lib/gcc/arm-none-eabi/14.3.1/thumb/v7e-m+fp/hard\libgcc.a(_aeabi_uldivmod.o)
                0x08000280                __aeabi_uldivmod
 .text          0x080002b0      0x2f8 D:/STM32CubeIDE_2.1.1/STM32CubeIDE/plugins/com.st.stm32cube.ide.mcu.externaltools.gnu-tools-for-stm32.14.3.rel1.win32_1.0.100.202602081740/tools/bin/../lib/gcc/arm-none-eabi/14.3.1/thumb/v7e-m+fp/hard\libgcc.a(_udivmoddi4.o)
                0x080002b0                __udivmoddi4
 .text          0x080005a8        0x4 D:/STM32CubeIDE_2.1.1/STM32CubeIDE/plugins/com.st.stm32cube.ide.mcu.externaltools.gnu-tools-for-stm32.14.3.rel1.win32_1.0.100.202602081740/tools/bin/../lib/gcc/arm-none-eabi/14.3.1/thumb/v7e-m+fp/hard\libgcc.a(_dvmd_tls.o)
                0x080005a8                __aeabi_idiv0
                0x080005a8                __aeabi_ldiv0
 *(.text*)
 .text.MX_GPIO_Init
                0x080005ac      0x198 ./Core/Src/gpio.o
                0x080005ac                MX_GPIO_Init
 .text.main     0x08000744       0x44 ./Core/Src/main.o
                0x08000744                main
 .text.SystemClock_Config
                0x08000788       0xc4 ./Core/Src/main.o
                0x08000788                SystemClock_Config
 .text.Error_Handler
                0x0800084c        0xc ./Core/Src/main.o
                0x0800084c                Error_Handler
 .text.MX_SPI2_Init
                0x08000858       0x7c ./Core/Src/spi.o
                0x08000858                MX_SPI2_Init
 .text.HAL_SPI_MspInit
                0x080008d4       0x88 ./Core/Src/spi.o
                0x080008d4                HAL_SPI_MspInit
 .text.HAL_MspInit
                0x0800095c       0x48 ./Core/Src/stm32l4xx_hal_msp.o
                0x0800095c                HAL_MspInit
 .text.NMI_Handler
                0x080009a4        0x8 ./Core/Src/stm32l4xx_it.o
                0x080009a4                NMI_Handler
 .text.HardFault_Handler
                0x080009ac        0x8 ./Core/Src/stm32l4xx_it.o
                0x080009ac                HardFault_Handler
 .text.MemManage_Handler
                0x080009b4        0x8 ./Core/Src/stm32l4xx_it.o
                0x080009b4                MemManage_Handler
 .text.BusFault_Handler
                0x080009bc        0x8 ./Core/Src/stm32l4xx_it.o
                0x080009bc                BusFault_Handler
 .text.UsageFault_Handler
                0x080009c4        0x8 ./Core/Src/stm32l4xx_it.o
                0x080009c4                UsageFault_Handler
 .text.SVC_Handler
                0x080009cc        0xe ./Core/Src/stm32l4xx_it.o
                0x080009cc                SVC_Handler
 .text.DebugMon_Handler
                0x080009da        0xe ./Core/Src/stm32l4xx_it.o
                0x080009da                DebugMon_Handler
 .text.PendSV_Handler
                0x080009e8        0xe ./Core/Src/stm32l4xx_it.o
                0x080009e8                PendSV_Handler
 *fill*         0x080009f6        0x2 
 .text.SysTick_Handler
                0x080009f8       0x1c ./Core/Src/stm32l4xx_it.o
                0x080009f8                SysTick_Handler
 .text.USART1_IRQHandler
                0x08000a14       0x14 ./Core/Src/stm32l4xx_it.o
                0x08000a14                USART1_IRQHandler
 .text.USART3_IRQHandler
                0x08000a28       0x14 ./Core/Src/stm32l4xx_it.o
                0x08000a28                USART3_IRQHandler
 .text._sbrk    0x08000a3c       0x6c ./Core/Src/sysmem.o
                0x08000a3c                _sbrk
 .text.SystemInit
                0x08000aa8       0x24 ./Core/Src/system_stm32l4xx.o
                0x08000aa8                SystemInit
 .text.MX_LPUART1_UART_Init
                0x08000acc       0x58 ./Core/Src/usart.o
                0x08000acc                MX_LPUART1_UART_Init
 .text.MX_USART1_UART_Init
                0x08000b24       0x60 ./Core/Src/usart.o
                0x08000b24                MX_USART1_UART_Init
 .text.MX_USART3_UART_Init
                0x08000b84       0x60 ./Core/Src/usart.o
                0x08000b84                MX_USART3_UART_Init
 .text.HAL_UART_MspInit
                0x08000be4      0x1f0 ./Core/Src/usart.o
                0x08000be4                HAL_UART_MspInit
 .text.Reset_Handler
                0x08000dd4       0x50 ./Core/Startup/startup_stm32l433rctx.o
                0x08000dd4                Reset_Handler
 .text.Default_Handler
                0x08000e24        0x2 ./Core/Startup/startup_stm32l433rctx.o
                0x08000e24                RTC_Alarm_IRQHandler
                0x08000e24                EXTI2_IRQHandler
                0x08000e24                TIM1_CC_IRQHandler
                0x08000e24                TSC_IRQHandler
                0x08000e24                TAMP_STAMP_IRQHandler
                0x08000e24                EXTI3_IRQHandler
                0x08000e24                LPTIM2_IRQHandler
                0x08000e24                I2C3_ER_IRQHandler
                0x08000e24                EXTI0_IRQHandler
                0x08000e24                I2C2_EV_IRQHandler
                0x08000e24                CAN1_RX0_IRQHandler
                0x08000e24                FPU_IRQHandler
                0x08000e24                TIM1_UP_TIM16_IRQHandler
                0x08000e24                SPI1_IRQHandler
                0x08000e24                TIM6_DAC_IRQHandler
                0x08000e24                DMA2_Channel2_IRQHandler
                0x08000e24                DMA1_Channel4_IRQHandler
                0x08000e24                ADC1_IRQHandler
                0x08000e24                DMA1_Channel7_IRQHandler
                0x08000e24                CAN1_RX1_IRQHandler
                0x08000e24                LCD_IRQHandler
                0x08000e24                DMA2_Channel1_IRQHandler
                0x08000e24                QUADSPI_IRQHandler
                0x08000e24                I2C1_EV_IRQHandler
                0x08000e24                DMA1_Channel6_IRQHandler
                0x08000e24                DMA2_Channel4_IRQHandler
                0x08000e24                RCC_IRQHandler
                0x08000e24                TIM1_TRG_COM_IRQHandler
                0x08000e24                DMA1_Channel1_IRQHandler
                0x08000e24                Default_Handler
                0x08000e24                DMA2_Channel7_IRQHandler
                0x08000e24                EXTI15_10_IRQHandler
                0x08000e24                TIM7_IRQHandler
                0x08000e24                SDMMC1_IRQHandler
                0x08000e24                I2C3_EV_IRQHandler
                0x08000e24                USB_IRQHandler
                0x08000e24                EXTI9_5_IRQHandler
                0x08000e24                RTC_WKUP_IRQHandler
                0x08000e24                PVD_PVM_IRQHandler
                0x08000e24                SPI2_IRQHandler
                0x08000e24                CAN1_TX_IRQHandler
                0x08000e24                DMA2_Channel5_IRQHandler
                0x08000e24                CRS_IRQHandler
                0x08000e24                DMA1_Channel5_IRQHandler
                0x08000e24                EXTI4_IRQHandler
                0x08000e24                RNG_IRQHandler
                0x08000e24                DMA1_Channel3_IRQHandler
                0x08000e24                COMP_IRQHandler
                0x08000e24                WWDG_IRQHandler
                0x08000e24                LPUART1_IRQHandler
                0x08000e24                DMA2_Channel6_IRQHandler
                0x08000e24                TIM2_IRQHandler
                0x08000e24                EXTI1_IRQHandler
                0x08000e24                USART2_IRQHandler
                0x08000e24                I2C2_ER_IRQHandler
                0x08000e24                DMA1_Channel2_IRQHandler
                0x08000e24                CAN1_SCE_IRQHandler
                0x08000e24                FLASH_IRQHandler
                0x08000e24                SPI3_IRQHandler
                0x08000e24                I2C1_ER_IRQHandler
                0x08000e24                SWPMI1_IRQHandler
                0x08000e24                LPTIM1_IRQHandler
                0x08000e24                SAI1_IRQHandler
                0x08000e24                DMA2_Channel3_IRQHandler
                0x08000e24                TIM1_BRK_TIM15_IRQHandler
 .text.HAL_Init
                0x08000e26       0x30 ./Drivers/STM32L4xx_HAL_Driver/Src/stm32l4xx_hal.o
                0x08000e26                HAL_Init
 *fill*         0x08000e56        0x2 
 .text.HAL_InitTick
                0x08000e58       0x78 ./Drivers/STM32L4xx_HAL_Driver/Src/stm32l4xx_hal.o
                0x08000e58                HAL_InitTick
 .text.HAL_IncTick
                0x08000ed0       0x28 ./Drivers/STM32L4xx_HAL_Driver/Src/stm32l4xx_hal.o
                0x08000ed0                HAL_IncTick
 .text.HAL_GetTick
                0x08000ef8       0x18 ./Drivers/STM32L4xx_HAL_Driver/Src/stm32l4xx_hal.o
                0x08000ef8                HAL_GetTick
 .text.HAL_Delay
                0x08000f10       0x48 ./Drivers/STM32L4xx_HAL_Driver/Src/stm32l4xx_hal.o
                0x08000f10                HAL_Delay
 .text.__NVIC_SetPriorityGrouping
                0x08000f58       0x48 ./Drivers/STM32L4xx_HAL_Driver/Src/stm32l4xx_hal_cortex.o
 .text.__NVIC_GetPriorityGrouping
                0x08000fa0       0x1c ./Drivers/STM32L4xx_HAL_Driver/Src/stm32l4xx_hal_cortex.o
 .text.__NVIC_EnableIRQ
                0x08000fbc       0x3c ./Drivers/STM32L4xx_HAL_Driver/Src/stm32l4xx_hal_cortex.o
 .text.__NVIC_SetPriority
                0x08000ff8       0x54 ./Drivers/STM32L4xx_HAL_Driver/Src/stm32l4xx_hal_cortex.o
 .text.NVIC_EncodePriority
                0x0800104c       0x66 ./Drivers/STM32L4xx_HAL_Driver/Src/stm32l4xx_hal_cortex.o
 *fill*         0x080010b2        0x2 
 .text.SysTick_Config
                0x080010b4       0x44 ./Drivers/STM32L4xx_HAL_Driver/Src/stm32l4xx_hal_cortex.o
 .text.HAL_NVIC_SetPriorityGrouping
                0x080010f8       0x16 ./Drivers/STM32L4xx_HAL_Driver/Src/stm32l4xx_hal_cortex.o
                0x080010f8                HAL_NVIC_SetPriorityGrouping
 .text.HAL_NVIC_SetPriority
                0x0800110e       0x38 ./Drivers/STM32L4xx_HAL_Driver/Src/stm32l4xx_hal_cortex.o
                0x0800110e                HAL_NVIC_SetPriority
 .text.HAL_NVIC_EnableIRQ
                0x08001146       0x1c ./Drivers/STM32L4xx_HAL_Driver/Src/stm32l4xx_hal_cortex.o
                0x08001146                HAL_NVIC_EnableIRQ
 .text.HAL_SYSTICK_Config
                0x08001162       0x18 ./Drivers/STM32L4xx_HAL_Driver/Src/stm32l4xx_hal_cortex.o
                0x08001162                HAL_SYSTICK_Config
 .text.HAL_DMA_Abort
                0x0800117a       0x82 ./Drivers/STM32L4xx_HAL_Driver/Src/stm32l4xx_hal_dma.o
                0x0800117a                HAL_DMA_Abort
 .text.HAL_DMA_Abort_IT
                0x080011fc       0x82 ./Drivers/STM32L4xx_HAL_Driver/Src/stm32l4xx_hal_dma.o
                0x080011fc                HAL_DMA_Abort_IT
 *fill*         0x0800127e        0x2 
 .text.HAL_GPIO_Init
                0x08001280      0x2f4 ./Drivers/STM32L4xx_HAL_Driver/Src/stm32l4xx_hal_gpio.o
                0x08001280                HAL_GPIO_Init
 .text.HAL_GPIO_ReadPin
                0x08001574       0x30 ./Drivers/STM32L4xx_HAL_Driver/Src/stm32l4xx_hal_gpio.o
                0x08001574                HAL_GPIO_ReadPin
 .text.HAL_GPIO_WritePin
                0x080015a4       0x30 ./Drivers/STM32L4xx_HAL_Driver/Src/stm32l4xx_hal_gpio.o
                0x080015a4                HAL_GPIO_WritePin
 .text.HAL_PWR_EnableBkUpAccess
                0x080015d4       0x20 ./Drivers/STM32L4xx_HAL_Driver/Src/stm32l4xx_hal_pwr.o
                0x080015d4                HAL_PWR_EnableBkUpAccess
 .text.HAL_PWREx_GetVoltageRange
                0x080015f4       0x1c ./Drivers/STM32L4xx_HAL_Driver/Src/stm32l4xx_hal_pwr_ex.o
                0x080015f4                HAL_PWREx_GetVoltageRange
 .text.HAL_PWREx_ControlVoltageScaling
                0x08001610       0xac ./Drivers/STM32L4xx_HAL_Driver/Src/stm32l4xx_hal_pwr_ex.o
                0x08001610                HAL_PWREx_ControlVoltageScaling
 .text.HAL_RCC_OscConfig
                0x080016bc      0x828 ./Drivers/STM32L4xx_HAL_Driver/Src/stm32l4xx_hal_rcc.o
                0x080016bc                HAL_RCC_OscConfig
 .text.HAL_RCC_ClockConfig
                0x08001ee4      0x200 ./Drivers/STM32L4xx_HAL_Driver/Src/stm32l4xx_hal_rcc.o
                0x08001ee4                HAL_RCC_ClockConfig
 .text.HAL_RCC_GetSysClockFreq
                0x080020e4      0x118 ./Drivers/STM32L4xx_HAL_Driver/Src/stm32l4xx_hal_rcc.o
                0x080020e4                HAL_RCC_GetSysClockFreq
 .text.HAL_RCC_GetHCLKFreq
                0x080021fc       0x18 ./Drivers/STM32L4xx_HAL_Driver/Src/stm32l4xx_hal_rcc.o
                0x080021fc                HAL_RCC_GetHCLKFreq
 .text.HAL_RCC_GetPCLK1Freq
                0x08002214       0x2c ./Drivers/STM32L4xx_HAL_Driver/Src/stm32l4xx_hal_rcc.o
                0x08002214                HAL_RCC_GetPCLK1Freq
 .text.HAL_RCC_GetPCLK2Freq
                0x08002240       0x2c ./Drivers/STM32L4xx_HAL_Driver/Src/stm32l4xx_hal_rcc.o
                0x08002240                HAL_RCC_GetPCLK2Freq
 .text.RCC_SetFlashLatencyFromMSIRange
                0x0800226c       0xc0 ./Drivers/STM32L4xx_HAL_Driver/Src/stm32l4xx_hal_rcc.o
 .text.HAL_RCCEx_PeriphCLKConfig
                0x0800232c      0x494 ./Drivers/STM32L4xx_HAL_Driver/Src/stm32l4xx_hal_rcc_ex.o
                0x0800232c                HAL_RCCEx_PeriphCLKConfig
 .text.HAL_RCCEx_EnableMSIPLLMode
                0x080027c0       0x20 ./Drivers/STM32L4xx_HAL_Driver/Src/stm32l4xx_hal_rcc_ex.o
                0x080027c0                HAL_RCCEx_EnableMSIPLLMode
 .text.RCCEx_PLLSAI1_Config
                0x080027e0      0x1e4 ./Drivers/STM32L4xx_HAL_Driver/Src/stm32l4xx_hal_rcc_ex.o
 .text.HAL_SPI_Init
                0x080029c4      0x146 ./Drivers/STM32L4xx_HAL_Driver/Src/stm32l4xx_hal_spi.o
                0x080029c4                HAL_SPI_Init
 .text.HAL_SPI_Transmit
                0x08002b0a      0x2ec ./Drivers/STM32L4xx_HAL_Driver/Src/stm32l4xx_hal_spi.o
                0x08002b0a                HAL_SPI_Transmit
 *fill*         0x08002df6        0x2 
 .text.SPI_WaitFlagStateUntilTimeout
                0x08002df8      0x110 ./Drivers/STM32L4xx_HAL_Driver/Src/stm32l4xx_hal_spi.o
 .text.SPI_WaitFifoStateUntilTimeout
                0x08002f08      0x12c ./Drivers/STM32L4xx_HAL_Driver/Src/stm32l4xx_hal_spi.o
 .text.SPI_EndRxTxTransaction
                0x08003034       0x8c ./Drivers/STM32L4xx_HAL_Driver/Src/stm32l4xx_hal_spi.o
 .text.HAL_UART_Init
                0x080030c0       0x9c ./Drivers/STM32L4xx_HAL_Driver/Src/stm32l4xx_hal_uart.o
                0x080030c0                HAL_UART_Init
 .text.HAL_UART_Transmit
                0x0800315c      0x126 ./Drivers/STM32L4xx_HAL_Driver/Src/stm32l4xx_hal_uart.o
                0x0800315c                HAL_UART_Transmit
 *fill*         0x08003282        0x2 
 .text.HAL_UART_Receive_IT
                0x08003284       0x98 ./Drivers/STM32L4xx_HAL_Driver/Src/stm32l4xx_hal_uart.o
                0x08003284                HAL_UART_Receive_IT
 .text.HAL_UART_IRQHandler
                0x0800331c      0x60c ./Drivers/STM32L4xx_HAL_Driver/Src/stm32l4xx_hal_uart.o
                0x0800331c                HAL_UART_IRQHandler
 .text.HAL_UART_TxCpltCallback
                0x08003928       0x14 ./Drivers/STM32L4xx_HAL_Driver/Src/stm32l4xx_hal_uart.o
                0x08003928                HAL_UART_TxCpltCallback
 .text.HAL_UART_ErrorCallback
                0x0800393c       0x14 ./Drivers/STM32L4xx_HAL_Driver/Src/stm32l4xx_hal_uart.o
                0x0800393c                HAL_UART_ErrorCallback
 .text.HAL_UARTEx_RxEventCallback
                0x08003950       0x18 ./Drivers/STM32L4xx_HAL_Driver/Src/stm32l4xx_hal_uart.o
                0x08003950                HAL_UARTEx_RxEventCallback
 .text.UART_SetConfig
                0x08003968      0x4b4 ./Drivers/STM32L4xx_HAL_Driver/Src/stm32l4xx_hal_uart.o
                0x08003968                UART_SetConfig
 .text.UART_AdvFeatureConfig
                0x08003e1c      0x144 ./Drivers/STM32L4xx_HAL_Driver/Src/stm32l4xx_hal_uart.o
                0x08003e1c                UART_AdvFeatureConfig
 .text.UART_CheckIdleState
                0x08003f60      0x150 ./Drivers/STM32L4xx_HAL_Driver/Src/stm32l4xx_hal_uart.o
                0x08003f60                UART_CheckIdleState
 .text.UART_WaitOnFlagUntilTimeout
                0x080040b0       0xda ./Drivers/STM32L4xx_HAL_Driver/Src/stm32l4xx_hal_uart.o
                0x080040b0                UART_WaitOnFlagUntilTimeout
 *fill*         0x0800418a        0x2 
 .text.UART_Start_Receive_IT
                0x0800418c      0x18c ./Drivers/STM32L4xx_HAL_Driver/Src/stm32l4xx_hal_uart.o
                0x0800418c                UART_Start_Receive_IT
 .text.UART_EndRxTransfer
                0x08004318       0xc8 ./Drivers/STM32L4xx_HAL_Driver/Src/stm32l4xx_hal_uart.o
 .text.UART_DMAAbortOnError
                0x080043e0       0x1c ./Drivers/STM32L4xx_HAL_Driver/Src/stm32l4xx_hal_uart.o
 .text.UART_EndTransmit_IT
                0x080043fc       0x54 ./Drivers/STM32L4xx_HAL_Driver/Src/stm32l4xx_hal_uart.o
 .text.UART_RxISR_8BIT
                0x08004450      0x1b8 ./Drivers/STM32L4xx_HAL_Driver/Src/stm32l4xx_hal_uart.o
 .text.UART_RxISR_16BIT
                0x08004608      0x1b8 ./Drivers/STM32L4xx_HAL_Driver/Src/stm32l4xx_hal_uart.o
 .text.HAL_UARTEx_WakeupCallback
                0x080047c0       0x14 ./Drivers/STM32L4xx_HAL_Driver/Src/stm32l4xx_hal_uart_ex.o
                0x080047c0                HAL_UARTEx_WakeupCallback
 .text.HAL_UART_RxCpltCallback
                0x080047d4       0x28 ./User_app/Task.o
                0x080047d4                HAL_UART_RxCpltCallback
 .text.handle_cmd_process
                0x080047fc      0x1f4 ./User_app/Task.o
                0x080047fc                handle_cmd_process
 .text._Cb_Sensor
                0x080049f0      0x110 ./User_app/Task.o
                0x080049f0                _Cb_Sensor
 .text._Cb_LCD_Display
                0x08004b00      0x158 ./User_app/Task.o
                0x08004b00                _Cb_LCD_Display
 .text._Cb_Button
                0x08004c58       0xac ./User_app/Task.o
                0x08004c58                _Cb_Button
 .text.Comm_Task
                0x08004d04       0x94 ./User_app/Task.o
                0x08004d04                Comm_Task
 .text.send_cmd
                0x08004d98       0x54 ./User_app/button_handle.o
                0x08004d98                send_cmd
 .text.enter_button_handle
                0x08004dec      0x1c8 ./User_app/button_handle.o
                0x08004dec                enter_button_handle
 .text.up_button_handle
                0x08004fb4      0x270 ./User_app/button_handle.o
                0x08004fb4                up_button_handle
 .text.down_button_handle
                0x08005224      0x278 ./User_app/button_handle.o
                0x08005224                down_button_handle
 .text.exit_button_handle
                0x0800549c      0x104 ./User_app/button_handle.o
                0x0800549c                exit_button_handle
 .text.RC68_ReadAll
                0x080055a0       0x20 ./User_app/clo_rc68.o
                0x080055a0                RC68_ReadAll
 .text.RC68_WriteID
                0x080055c0       0x32 ./User_app/clo_rc68.o
                0x080055c0                RC68_WriteID
 .text.RC68_WriteBaud
                0x080055f2       0x22 ./User_app/clo_rc68.o
                0x080055f2                RC68_WriteBaud
 .text.RC68_WriteGain
                0x08005614       0x2c ./User_app/clo_rc68.o
                0x08005614                RC68_WriteGain
 .text.RC68_WriteOffset
                0x08005640       0x24 ./User_app/clo_rc68.o
                0x08005640                RC68_WriteOffset
 .text.RC68_CalibZero
                0x08005664       0x28 ./User_app/clo_rc68.o
                0x08005664                RC68_CalibZero
 .text.RC68_CalibHigh
                0x0800568c       0x26 ./User_app/clo_rc68.o
                0x0800568c                RC68_CalibHigh
 .text.RC68_ReadSlopeIntercept
                0x080056b2       0x20 ./User_app/clo_rc68.o
                0x080056b2                RC68_ReadSlopeIntercept
 .text.RC68_GetFloat
                0x080056d2       0x8c ./User_app/clo_rc68.o
                0x080056d2                RC68_GetFloat
 *fill*         0x0800575e        0x2 
 .text.blink_display
                0x08005760       0x40 ./User_app/interface_lcd.o
                0x08005760                blink_display
 .text.main_display
                0x080057a0      0x3fc ./User_app/interface_lcd.o
                0x080057a0                main_display
 .text.login_display
                0x08005b9c       0xdc ./User_app/interface_lcd.o
                0x08005b9c                login_display
 .text.setting_display
                0x08005c78       0xec ./User_app/interface_lcd.o
                0x08005c78                setting_display
 .text.modbus_display
                0x08005d64      0x140 ./User_app/interface_lcd.o
                0x08005d64                modbus_display
 .text.calib_display
                0x08005ea4      0x1a4 ./User_app/interface_lcd.o
                0x08005ea4                calib_display
 .text.offset_display
                0x08006048       0xb8 ./User_app/interface_lcd.o
                0x08006048                offset_display
 .text.warning_display
                0x08006100      0x1b0 ./User_app/interface_lcd.o
                0x08006100                warning_display
 .text.range_display
                0x080062b0       0xf0 ./User_app/interface_lcd.o
                0x080062b0                range_display
 .text.info_display
                0x080063a0       0x4c ./User_app/interface_lcd.o
                0x080063a0                info_display
 .text.glcd_command
                0x080063ec       0x40 ./User_bsp/glcd-master/controllers/ST7565R.o
                0x080063ec                glcd_command
 .text.glcd_data
                0x0800642c       0x40 ./User_bsp/glcd-master/controllers/ST7565R.o
                0x0800642c                glcd_data
 .text.glcd_set_contrast
                0x0800646c       0x2e ./User_bsp/glcd-master/controllers/ST7565R.o
                0x0800646c                glcd_set_contrast
 .text.glcd_set_y_address
                0x0800649a       0x26 ./User_bsp/glcd-master/controllers/ST7565R.o
                0x0800649a                glcd_set_y_address
 .text.glcd_set_x_address
                0x080064c0       0x22 ./User_bsp/glcd-master/controllers/ST7565R.o
                0x080064c0                glcd_set_x_address
 .text.glcd_set_column_upper
                0x080064e2       0x24 ./User_bsp/glcd-master/controllers/ST7565R.o
                0x080064e2                glcd_set_column_upper
 .text.glcd_set_column_lower
                0x08006506       0x20 ./User_bsp/glcd-master/controllers/ST7565R.o
                0x08006506                glcd_set_column_lower
 *fill*         0x08006526        0x2 
 .text.glcd_write
                0x08006528       0x9c ./User_bsp/glcd-master/controllers/ST7565R.o
                0x08006528                glcd_write
 .text.glcd_ST7565R_init
                0x080065c4       0x60 ./User_bsp/glcd-master/controllers/ST7565R.o
                0x080065c4                glcd_ST7565R_init
 .text.glcd_init
                0x08006624       0x50 ./User_bsp/glcd-master/devices/STM32L4.o
                0x08006624                glcd_init
 .text.glcd_spi_write
                0x08006674       0x3c ./User_bsp/glcd-master/devices/STM32L4.o
                0x08006674                glcd_spi_write
 .text.glcd_reset
                0x080066b0       0x2c ./User_bsp/glcd-master/devices/STM32L4.o
                0x080066b0                glcd_reset
 .text.glcd_update_bbox
                0x080066dc       0xa8 ./User_bsp/glcd-master/glcd.o
                0x080066dc                glcd_update_bbox
 .text.glcd_reset_bbox
                0x08006784       0x34 ./User_bsp/glcd-master/glcd.o
                0x08006784                glcd_reset_bbox
 .text.glcd_clear
                0x080067b8       0x2c ./User_bsp/glcd-master/glcd.o
                0x080067b8                glcd_clear
 .text.glcd_clear_buffer
                0x080067e4       0x28 ./User_bsp/glcd-master/glcd.o
                0x080067e4                glcd_clear_buffer
 .text.glcd_select_screen
                0x0800680c       0x2c ./User_bsp/glcd-master/glcd.o
                0x0800680c                glcd_select_screen
 .text.glcd_set_pixel
                0x08006838       0xb0 ./User_bsp/glcd-master/graphics.o
                0x08006838                glcd_set_pixel
 .text.glcd_draw_line
                0x080068e8      0x120 ./User_bsp/glcd-master/graphics.o
                0x080068e8                glcd_draw_line
 .text.glcd_draw_circle
                0x08006a08      0x1ce ./User_bsp/glcd-master/graphics.o
                0x08006a08                glcd_draw_circle
 *fill*         0x08006bd6        0x2 
 .text.glcd_set_font
                0x08006bd8       0x50 ./User_bsp/glcd-master/text.o
                0x08006bd8                glcd_set_font
 .text.glcd_draw_char_xy
                0x08006c28      0x418 ./User_bsp/glcd-master/text.o
                0x08006c28                glcd_draw_char_xy
 .text.glcd_draw_string_xy
                0x08007040       0x5c ./User_bsp/glcd-master/text.o
                0x08007040                glcd_draw_string_xy
 .text.draw_string_small
                0x0800709c       0x3c ./User_bsp/glcd-master/text.o
                0x0800709c                draw_string_small
 .text.draw_string_big
                0x080070d8       0x3c ./User_bsp/glcd-master/text.o
                0x080070d8                draw_string_big
 .text.glcd_tiny_set_font
                0x08007114       0x50 ./User_bsp/glcd-master/text_tiny.o
                0x08007114                glcd_tiny_set_font
 .text.RS485_GetHandle
                0x08007164       0x34 ./User_bsp/rs485/bsp_rs485.o
 .text.BSP_RS485_Init
                0x08007198       0x14 ./User_bsp/rs485/bsp_rs485.o
                0x08007198                BSP_RS485_Init
 .text.BSP_RS485_TX_Mode
                0x080071ac       0x40 ./User_bsp/rs485/bsp_rs485.o
                0x080071ac                BSP_RS485_TX_Mode
 .text.BSP_RS485_RX_Mode
                0x080071ec       0x40 ./User_bsp/rs485/bsp_rs485.o
                0x080071ec                BSP_RS485_RX_Mode
 .text.BSP_RS485_Send
                0x0800722c       0x60 ./User_bsp/rs485/bsp_rs485.o
                0x0800722c                BSP_RS485_Send
 .text.BSP_RS485_Receive_IT
                0x0800728c       0x3c ./User_bsp/rs485/bsp_rs485.o
                0x0800728c                BSP_RS485_Receive_IT
 .text.MB_CRC16
                0x080072c8       0x7c ./User_middleware/modbus/modbus_crc.o
                0x080072c8                MB_CRC16
 .text.MB_CRC_Append
                0x08007344       0x40 ./User_middleware/modbus/modbus_crc.o
                0x08007344                MB_CRC_Append
 .text.MB_Debug_Tx
                0x08007384      0x110 ./User_middleware/modbus/modbus_master.o
 .text.MB_Master_SendReq
                0x08007494       0x4a ./User_middleware/modbus/modbus_master.o
 .text.MB_Master_ReadHoldingReg
                0x080074de       0x5a ./User_middleware/modbus/modbus_master.o
                0x080074de                MB_Master_ReadHoldingReg
 .text.MB_Master_WriteU16
                0x08007538       0x66 ./User_middleware/modbus/modbus_master.o
                0x08007538                MB_Master_WriteU16
 .text.MB_Master_WriteFloat
                0x0800759e       0x78 ./User_middleware/modbus/modbus_master.o
                0x0800759e                MB_Master_WriteFloat
 .text.MB_RTU_Init
                0x08007616       0x52 ./User_middleware/modbus/modbus_rtu.o
                0x08007616                MB_RTU_Init
 .text.MB_RTU_StartReceive
                0x08007668       0x22 ./User_middleware/modbus/modbus_rtu.o
                0x08007668                MB_RTU_StartReceive
 .text.MB_RTU_RxByteHandler
                0x0800768a       0x4a ./User_middleware/modbus/modbus_rtu.o
                0x0800768a                MB_RTU_RxByteHandler
 .text.MB_RTU_Send
                0x080076d4       0x26 ./User_middleware/modbus/modbus_rtu.o
                0x080076d4                MB_RTU_Send
 .text.MB_RTU_Poll
                0x080076fa       0x3c ./User_middleware/modbus/modbus_rtu.o
                0x080076fa                MB_RTU_Poll
 *fill*         0x08007736        0x2 
 .text.snprintf
                0x08007738       0x6c D:/STM32CubeIDE_2.1.1/STM32CubeIDE/plugins/com.st.stm32cube.ide.mcu.externaltools.gnu-tools-for-stm32.14.3.rel1.win32_1.0.100.202602081740/tools/bin/../lib/gcc/arm-none-eabi/14.3.1/../../../../arm-none-eabi/lib/thumb/v7e-m+fp/hard\libc_nano.a(libc_a-snprintf.o)
                0x08007738                sniprintf
                0x08007738                snprintf
 .text.sprintf  0x080077a4       0x44 D:/STM32CubeIDE_2.1.1/STM32CubeIDE/plugins/com.st.stm32cube.ide.mcu.externaltools.gnu-tools-for-stm32.14.3.rel1.win32_1.0.100.202602081740/tools/bin/../lib/gcc/arm-none-eabi/14.3.1/../../../../arm-none-eabi/lib/thumb/v7e-m+fp/hard\libc_nano.a(libc_a-sprintf.o)
                0x080077a4                siprintf
                0x080077a4                sprintf
 .text.memcmp   0x080077e8       0x20 D:/STM32CubeIDE_2.1.1/STM32CubeIDE/plugins/com.st.stm32cube.ide.mcu.externaltools.gnu-tools-for-stm32.14.3.rel1.win32_1.0.100.202602081740/tools/bin/../lib/gcc/arm-none-eabi/14.3.1/../../../../arm-none-eabi/lib/thumb/v7e-m+fp/hard\libc_nano.a(libc_a-memcmp.o)
                0x080077e8                memcmp
 .text.memset   0x08007808       0x10 D:/STM32CubeIDE_2.1.1/STM32CubeIDE/plugins/com.st.stm32cube.ide.mcu.externaltools.gnu-tools-for-stm32.14.3.rel1.win32_1.0.100.202602081740/tools/bin/../lib/gcc/arm-none-eabi/14.3.1/../../../../arm-none-eabi/lib/thumb/v7e-m+fp/hard\libc_nano.a(libc_a-memset.o)
                0x08007808                memset
 .text.__errno  0x08007818        0xc D:/STM32CubeIDE_2.1.1/STM32CubeIDE/plugins/com.st.stm32cube.ide.mcu.externaltools.gnu-tools-for-stm32.14.3.rel1.win32_1.0.100.202602081740/tools/bin/../lib/gcc/arm-none-eabi/14.3.1/../../../../arm-none-eabi/lib/thumb/v7e-m+fp/hard\libc_nano.a(libc_a-errno.o)
                0x08007818                __errno
 .text.__libc_init_array
                0x08007824       0x48 D:/STM32CubeIDE_2.1.1/STM32CubeIDE/plugins/com.st.stm32cube.ide.mcu.externaltools.gnu-tools-for-stm32.14.3.rel1.win32_1.0.100.202602081740/tools/bin/../lib/gcc/arm-none-eabi/14.3.1/../../../../arm-none-eabi/lib/thumb/v7e-m+fp/hard\libc_nano.a(libc_a-init.o)
                0x08007824                __libc_init_array
 .text.__retarget_lock_acquire_recursive
                0x0800786c        0x2 D:/STM32CubeIDE_2.1.1/STM32CubeIDE/plugins/com.st.stm32cube.ide.mcu.externaltools.gnu-tools-for-stm32.14.3.rel1.win32_1.0.100.202602081740/tools/bin/../lib/gcc/arm-none-eabi/14.3.1/../../../../arm-none-eabi/lib/thumb/v7e-m+fp/hard\libc_nano.a(libc_a-lock.o)
                0x0800786c                __retarget_lock_acquire_recursive
 .text.__retarget_lock_release_recursive
                0x0800786e        0x2 D:/STM32CubeIDE_2.1.1/STM32CubeIDE/plugins/com.st.stm32cube.ide.mcu.externaltools.gnu-tools-for-stm32.14.3.rel1.win32_1.0.100.202602081740/tools/bin/../lib/gcc/arm-none-eabi/14.3.1/../../../../arm-none-eabi/lib/thumb/v7e-m+fp/hard\libc_nano.a(libc_a-lock.o)
                0x0800786e                __retarget_lock_release_recursive
 .text.memcpy   0x08007870       0x1c D:/STM32CubeIDE_2.1.1/STM32CubeIDE/plugins/com.st.stm32cube.ide.mcu.externaltools.gnu-tools-for-stm32.14.3.rel1.win32_1.0.100.202602081740/tools/bin/../lib/gcc/arm-none-eabi/14.3.1/../../../../arm-none-eabi/lib/thumb/v7e-m+fp/hard\libc_nano.a(libc_a-memcpy-stub.o)
                0x08007870                memcpy
 .text._free_r  0x0800788c       0x94 D:/STM32CubeIDE_2.1.1/STM32CubeIDE/plugins/com.st.stm32cube.ide.mcu.externaltools.gnu-tools-for-stm32.14.3.rel1.win32_1.0.100.202602081740/tools/bin/../lib/gcc/arm-none-eabi/14.3.1/../../../../arm-none-eabi/lib/thumb/v7e-m+fp/hard\libc_nano.a(libc_a-freer.o)
                0x0800788c                _free_r
 .text.sbrk_aligned
                0x08007920       0x44 D:/STM32CubeIDE_2.1.1/STM32CubeIDE/plugins/com.st.stm32cube.ide.mcu.externaltools.gnu-tools-for-stm32.14.3.rel1.win32_1.0.100.202602081740/tools/bin/../lib/gcc/arm-none-eabi/14.3.1/../../../../arm-none-eabi/lib/thumb/v7e-m+fp/hard\libc_nano.a(libc_a-mallocr.o)
 .text._malloc_r
                0x08007964      0x100 D:/STM32CubeIDE_2.1.1/STM32CubeIDE/plugins/com.st.stm32cube.ide.mcu.externaltools.gnu-tools-for-stm32.14.3.rel1.win32_1.0.100.202602081740/tools/bin/../lib/gcc/arm-none-eabi/14.3.1/../../../../arm-none-eabi/lib/thumb/v7e-m+fp/hard\libc_nano.a(libc_a-mallocr.o)
                0x08007964                _malloc_r
 .text.__malloc_lock
                0x08007a64        0xc D:/STM32CubeIDE_2.1.1/STM32CubeIDE/plugins/com.st.stm32cube.ide.mcu.externaltools.gnu-tools-for-stm32.14.3.rel1.win32_1.0.100.202602081740/tools/bin/../lib/gcc/arm-none-eabi/14.3.1/../../../../arm-none-eabi/lib/thumb/v7e-m+fp/hard\libc_nano.a(libc_a-mlock.o)
                0x08007a64                __malloc_lock
 .text.__malloc_unlock
                0x08007a70        0xc D:/STM32CubeIDE_2.1.1/STM32CubeIDE/plugins/com.st.stm32cube.ide.mcu.externaltools.gnu-tools-for-stm32.14.3.rel1.win32_1.0.100.202602081740/tools/bin/../lib/gcc/arm-none-eabi/14.3.1/../../../../arm-none-eabi/lib/thumb/v7e-m+fp/hard\libc_nano.a(libc_a-mlock.o)
                0x08007a70                __malloc_unlock
 .text.__ssputs_r
                0x08007a7c       0xc0 D:/STM32CubeIDE_2.1.1/STM32CubeIDE/plugins/com.st.stm32cube.ide.mcu.externaltools.gnu-tools-for-stm32.14.3.rel1.win32_1.0.100.202602081740/tools/bin/../lib/gcc/arm-none-eabi/14.3.1/../../../../arm-none-eabi/lib/thumb/v7e-m+fp/hard\libc_nano.a(libc_a-nano-svfprintf.o)
                0x08007a7c                __ssputs_r
 .text._svfprintf_r
                0x08007b3c      0x1f0 D:/STM32CubeIDE_2.1.1/STM32CubeIDE/plugins/com.st.stm32cube.ide.mcu.externaltools.gnu-tools-for-stm32.14.3.rel1.win32_1.0.100.202602081740/tools/bin/../lib/gcc/arm-none-eabi/14.3.1/../../../../arm-none-eabi/lib/thumb/v7e-m+fp/hard\libc_nano.a(libc_a-nano-svfprintf.o)
                0x08007b3c                _svfiprintf_r
                0x08007b3c                _svfprintf_r
 .text._printf_common
                0x08007d2c       0xda D:/STM32CubeIDE_2.1.1/STM32CubeIDE/plugins/com.st.stm32cube.ide.mcu.externaltools.gnu-tools-for-stm32.14.3.rel1.win32_1.0.100.202602081740/tools/bin/../lib/gcc/arm-none-eabi/14.3.1/../../../../arm-none-eabi/lib/thumb/v7e-m+fp/hard\libc_nano.a(libc_a-nano-vfprintf_i.o)
                0x08007d2c                _printf_common
 *fill*         0x08007e06        0x2 
 .text._printf_i
                0x08007e08      0x24c D:/STM32CubeIDE_2.1.1/STM32CubeIDE/plugins/com.st.stm32cube.ide.mcu.externaltools.gnu-tools-for-stm32.14.3.rel1.win32_1.0.100.202602081740/tools/bin/../lib/gcc/arm-none-eabi/14.3.1/../../../../arm-none-eabi/lib/thumb/v7e-m+fp/hard\libc_nano.a(libc_a-nano-vfprintf_i.o)
                0x08007e08                _printf_i
 .text.memmove  0x08008054       0x32 D:/STM32CubeIDE_2.1.1/STM32CubeIDE/plugins/com.st.stm32cube.ide.mcu.externaltools.gnu-tools-for-stm32.14.3.rel1.win32_1.0.100.202602081740/tools/bin/../lib/gcc/arm-none-eabi/14.3.1/../../../../arm-none-eabi/lib/thumb/v7e-m+fp/hard\libc_nano.a(libc_a-memmove.o)
                0x08008054                memmove
 *fill*         0x08008086        0x2 
 .text._sbrk_r  0x08008088       0x20 D:/STM32CubeIDE_2.1.1/STM32CubeIDE/plugins/com.st.stm32cube.ide.mcu.externaltools.gnu-tools-for-stm32.14.3.rel1.win32_1.0.100.202602081740/tools/bin/../lib/gcc/arm-none-eabi/14.3.1/../../../../arm-none-eabi/lib/thumb/v7e-m+fp/hard\libc_nano.a(libc_a-sbrkr.o)
                0x08008088                _sbrk_r
 .text._realloc_r
                0x080080a8       0x5c D:/STM32CubeIDE_2.1.1/STM32CubeIDE/plugins/com.st.stm32cube.ide.mcu.externaltools.gnu-tools-for-stm32.14.3.rel1.win32_1.0.100.202602081740/tools/bin/../lib/gcc/arm-none-eabi/14.3.1/../../../../arm-none-eabi/lib/thumb/v7e-m+fp/hard\libc_nano.a(libc_a-reallocr.o)
                0x080080a8                _realloc_r
 .text._malloc_usable_size_r
                0x08008104       0x10 D:/STM32CubeIDE_2.1.1/STM32CubeIDE/plugins/com.st.stm32cube.ide.mcu.externaltools.gnu-tools-for-stm32.14.3.rel1.win32_1.0.100.202602081740/tools/bin/../lib/gcc/arm-none-eabi/14.3.1/../../../../arm-none-eabi/lib/thumb/v7e-m+fp/hard\libc_nano.a(libc_a-msizer.o)
                0x08008104                _malloc_usable_size_r
 *(.glue_7)
 .glue_7        0x08008114        0x0 linker stubs
 *(.glue_7t)
 .glue_7t       0x08008114        0x0 linker stubs
 *(.eh_frame)
 .eh_frame      0x08008114        0x0 D:/STM32CubeIDE_2.1.1/STM32CubeIDE/plugins/com.st.stm32cube.ide.mcu.externaltools.gnu-tools-for-stm32.14.3.rel1.win32_1.0.100.202602081740/tools/bin/../lib/gcc/arm-none-eabi/14.3.1/thumb/v7e-m+fp/hard/crtbegin.o
 *(.init)
 .init          0x08008114        0x4 D:/STM32CubeIDE_2.1.1/STM32CubeIDE/plugins/com.st.stm32cube.ide.mcu.externaltools.gnu-tools-for-stm32.14.3.rel1.win32_1.0.100.202602081740/tools/bin/../lib/gcc/arm-none-eabi/14.3.1/thumb/v7e-m+fp/hard/crti.o
                0x08008114                _init
 .init          0x08008118        0x8 D:/STM32CubeIDE_2.1.1/STM32CubeIDE/plugins/com.st.stm32cube.ide.mcu.externaltools.gnu-tools-for-stm32.14.3.rel1.win32_1.0.100.202602081740/tools/bin/../lib/gcc/arm-none-eabi/14.3.1/thumb/v7e-m+fp/hard/crtn.o
 *(.fini)
 .fini          0x08008120        0x4 D:/STM32CubeIDE_2.1.1/STM32CubeIDE/plugins/com.st.stm32cube.ide.mcu.externaltools.gnu-tools-for-stm32.14.3.rel1.win32_1.0.100.202602081740/tools/bin/../lib/gcc/arm-none-eabi/14.3.1/thumb/v7e-m+fp/hard/crti.o
                0x08008120                _fini
 .fini          0x08008124        0x8 D:/STM32CubeIDE_2.1.1/STM32CubeIDE/plugins/com.st.stm32cube.ide.mcu.externaltools.gnu-tools-for-stm32.14.3.rel1.win32_1.0.100.202602081740/tools/bin/../lib/gcc/arm-none-eabi/14.3.1/thumb/v7e-m+fp/hard/crtn.o
                0x0800812c                        . = ALIGN (0x4)
                0x0800812c                        _etext = .

.vfp11_veneer   0x0800812c        0x0
 .vfp11_veneer  0x0800812c        0x0 linker stubs

.v4_bx          0x0800812c        0x0
 .v4_bx         0x0800812c        0x0 linker stubs

.iplt           0x0800812c        0x0
 .iplt          0x0800812c        0x0 D:/STM32CubeIDE_2.1.1/STM32CubeIDE/plugins/com.st.stm32cube.ide.mcu.externaltools.gnu-tools-for-stm32.14.3.rel1.win32_1.0.100.202602081740/tools/bin/../lib/gcc/arm-none-eabi/14.3.1/thumb/v7e-m+fp/hard/crtbegin.o

.rodata         0x0800812c      0x68c
                0x0800812c                        . = ALIGN (0x4)
 *(.rodata)
 .rodata        0x0800812c       0x25 ./User_app/Task.o
 *fill*         0x08008151        0x3 
 .rodata        0x08008154      0x183 ./User_app/interface_lcd.o
 *fill*         0x080082d7        0x1 
 .rodata        0x080082d8       0x26 ./User_middleware/modbus/modbus_master.o
 *(.rodata*)
 *fill*         0x080082fe        0x2 
 .rodata.AHBPrescTable
                0x08008300       0x10 ./Core/Src/system_stm32l4xx.o
                0x08008300                AHBPrescTable
 .rodata.APBPrescTable
                0x08008310        0x8 ./Core/Src/system_stm32l4xx.o
                0x08008310                APBPrescTable
 .rodata.MSIRangeTable
                0x08008318       0x30 ./Core/Src/system_stm32l4xx.o
                0x08008318                MSIRangeTable
 .rodata.baud_list
                0x08008348       0x24 ./User_app/interface_lcd.o
                0x08008348                baud_list
 .rodata.range_list
                0x0800836c       0x10 ./User_app/interface_lcd.o
                0x0800836c                range_list
 .rodata.Font5x7
                0x0800837c      0x1e0 ./User_bsp/glcd-master/text.o
 .rodata.Liberation_Sans15x21_Numbers
                0x0800855c      0x228 ./User_bsp/glcd-master/text.o
 .rodata._svfprintf_r.str1.1
                0x08008784       0x33 D:/STM32CubeIDE_2.1.1/STM32CubeIDE/plugins/com.st.stm32cube.ide.mcu.externaltools.gnu-tools-for-stm32.14.3.rel1.win32_1.0.100.202602081740/tools/bin/../lib/gcc/arm-none-eabi/14.3.1/../../../../arm-none-eabi/lib/thumb/v7e-m+fp/hard\libc_nano.a(libc_a-nano-svfprintf.o)
                                 0x11 (size before relaxing)
 .rodata._printf_i.str1.1
                0x080087b7       0x22 D:/STM32CubeIDE_2.1.1/STM32CubeIDE/plugins/com.st.stm32cube.ide.mcu.externaltools.gnu-tools-for-stm32.14.3.rel1.win32_1.0.100.202602081740/tools/bin/../lib/gcc/arm-none-eabi/14.3.1/../../../../arm-none-eabi/lib/thumb/v7e-m+fp/hard\libc_nano.a(libc_a-nano-vfprintf_i.o)
                0x080087dc                        . = ALIGN (0x4)
 *fill*         0x080087b7        0x1 

.ARM.extab      0x080087b8        0x0
                0x080087b8                        . = ALIGN (0x4)
 *(.ARM.extab* .gnu.linkonce.armextab.*)
                0x080087b8                        . = ALIGN (0x4)

.ARM            0x080087b8        0x8
                0x080087b8                        . = ALIGN (0x4)
                0x080087b8                        __exidx_start = .
 *(.ARM.exidx*)
 .ARM.exidx     0x080087b8        0x8 D:/STM32CubeIDE_2.1.1/STM32CubeIDE/plugins/com.st.stm32cube.ide.mcu.externaltools.gnu-tools-for-stm32.14.3.rel1.win32_1.0.100.202602081740/tools/bin/../lib/gcc/arm-none-eabi/14.3.1/../../../../arm-none-eabi/lib/thumb/v7e-m+fp/hard\libc_nano.a(libc_a-strlen.o)
 .ARM.exidx     0x080087c0        0x0 D:/STM32CubeIDE_2.1.1/STM32CubeIDE/plugins/com.st.stm32cube.ide.mcu.externaltools.gnu-tools-for-stm32.14.3.rel1.win32_1.0.100.202602081740/tools/bin/../lib/gcc/arm-none-eabi/14.3.1/../../../../arm-none-eabi/lib/thumb/v7e-m+fp/hard\libc_nano.a(libc_a-memchr.o)
                                  0x8 (size before relaxing)
 .ARM.exidx     0x080087c0        0x0 D:/STM32CubeIDE_2.1.1/STM32CubeIDE/plugins/com.st.stm32cube.ide.mcu.externaltools.gnu-tools-for-stm32.14.3.rel1.win32_1.0.100.202602081740/tools/bin/../lib/gcc/arm-none-eabi/14.3.1/thumb/v7e-m+fp/hard\libgcc.a(_udivmoddi4.o)
                                  0x8 (size before relaxing)
                0x080087c0                        __exidx_end = .
                0x080087c0                        . = ALIGN (0x4)

.preinit_array  0x080087c0        0x0
                0x080087c0                        . = ALIGN (0x4)
                0x080087c0                        PROVIDE (__preinit_array_start = .)
 *(.preinit_array*)
                0x080087c0                        PROVIDE (__preinit_array_end = .)
                0x080087c0                        . = ALIGN (0x4)

.init_array     0x080087c0        0x4
                0x080087c0                        . = ALIGN (0x4)
                0x080087c0                        PROVIDE (__init_array_start = .)
 *(SORT_BY_NAME(.init_array.*))
 *(.init_array*)
 .init_array    0x080087c0        0x4 D:/STM32CubeIDE_2.1.1/STM32CubeIDE/plugins/com.st.stm32cube.ide.mcu.externaltools.gnu-tools-for-stm32.14.3.rel1.win32_1.0.100.202602081740/tools/bin/../lib/gcc/arm-none-eabi/14.3.1/thumb/v7e-m+fp/hard/crtbegin.o
                0x080087c4                        PROVIDE (__init_array_end = .)
                0x080087c4                        . = ALIGN (0x4)

.fini_array     0x080087c4        0x4
                0x080087c4                        . = ALIGN (0x4)
                [!provide]                        PROVIDE (__fini_array_start = .)
 *(SORT_BY_NAME(.fini_array.*))
 *(.fini_array*)
 .fini_array    0x080087c4        0x4 D:/STM32CubeIDE_2.1.1/STM32CubeIDE/plugins/com.st.stm32cube.ide.mcu.externaltools.gnu-tools-for-stm32.14.3.rel1.win32_1.0.100.202602081740/tools/bin/../lib/gcc/arm-none-eabi/14.3.1/thumb/v7e-m+fp/hard/crtbegin.o
                [!provide]                        PROVIDE (__fini_array_end = .)
                0x080087c8                        . = ALIGN (0x4)
                0x080087c8                        _sidata = LOADADDR (.data)

.rel.dyn        0x080087c8        0x0
 .rel.iplt      0x080087c8        0x0 D:/STM32CubeIDE_2.1.1/STM32CubeIDE/plugins/com.st.stm32cube.ide.mcu.externaltools.gnu-tools-for-stm32.14.3.rel1.win32_1.0.100.202602081740/tools/bin/../lib/gcc/arm-none-eabi/14.3.1/thumb/v7e-m+fp/hard/crtbegin.o

.data           0x20000000       0xa0 load address 0x080087c8
                0x20000000                        . = ALIGN (0x4)
                0x20000000                        _sdata = .
 *(.data)
 *(.data*)
 .data.SystemCoreClock
                0x20000000        0x4 ./Core/Src/system_stm32l4xx.o
                0x20000000                SystemCoreClock
 .data.uwTickPrio
                0x20000004        0x4 ./Drivers/STM32L4xx_HAL_Driver/Src/stm32l4xx_hal.o
                0x20000004                uwTickPrio
 .data.uwTickFreq
                0x20000008        0x1 ./Drivers/STM32L4xx_HAL_Driver/Src/stm32l4xx_hal.o
                0x20000008                uwTickFreq
 *fill*         0x20000009        0x3 
 .data.ALLTASK  0x2000000c       0x30 ./User_app/Task.o
                0x2000000c                ALLTASK
 .data.modbus_id
                0x2000003c        0x2 ./User_app/interface_lcd.o
                0x2000003c                modbus_id
 .data.baud_index
                0x2000003e        0x1 ./User_app/interface_lcd.o
                0x2000003e                baud_index
 *fill*         0x2000003f        0x1 
 .data.slope_digit
                0x20000040        0x4 ./User_app/interface_lcd.o
                0x20000040                slope_digit
 .data.offset_digit
                0x20000044        0x2 ./User_app/interface_lcd.o
                0x20000044                offset_digit
 .data.warning_mode
                0x20000046        0x1 ./User_app/interface_lcd.o
                0x20000046                warning_mode
 *fill*         0x20000047        0x1 
 .data.upper_digit
                0x20000048        0x3 ./User_app/interface_lcd.o
                0x20000048                upper_digit
 *fill*         0x2000004b        0x1 
 .data.lower_digit
                0x2000004c        0x3 ./User_app/interface_lcd.o
                0x2000004c                lower_digit
 *fill*         0x2000004f        0x1 
 .data._impure_ptr
                0x20000050        0x4 D:/STM32CubeIDE_2.1.1/STM32CubeIDE/plugins/com.st.stm32cube.ide.mcu.externaltools.gnu-tools-for-stm32.14.3.rel1.win32_1.0.100.202602081740/tools/bin/../lib/gcc/arm-none-eabi/14.3.1/../../../../arm-none-eabi/lib/thumb/v7e-m+fp/hard\libc_nano.a(libc_a-impure.o)
                0x20000050                _impure_ptr
 .data._impure_data
                0x20000054       0x4c D:/STM32CubeIDE_2.1.1/STM32CubeIDE/plugins/com.st.stm32cube.ide.mcu.externaltools.gnu-tools-for-stm32.14.3.rel1.win32_1.0.100.202602081740/tools/bin/../lib/gcc/arm-none-eabi/14.3.1/../../../../arm-none-eabi/lib/thumb/v7e-m+fp/hard\libc_nano.a(libc_a-impure.o)
                0x20000054                _impure_data
 *(.RamFunc)
 *(.RamFunc*)
                0x200000a0                        . = ALIGN (0x4)
                0x200000a0                        _edata = .

.igot.plt       0x200000a0        0x0 load address 0x08008868
 .igot.plt      0x200000a0        0x0 D:/STM32CubeIDE_2.1.1/STM32CubeIDE/plugins/com.st.stm32cube.ide.mcu.externaltools.gnu-tools-for-stm32.14.3.rel1.win32_1.0.100.202602081740/tools/bin/../lib/gcc/arm-none-eabi/14.3.1/thumb/v7e-m+fp/hard/crtbegin.o
                0x200000a0                        . = ALIGN (0x4)

.bss            0x200000a0      0x8e0 load address 0x08008868
                0x200000a0                        _sbss = .
                0x200000a0                        __bss_start__ = _sbss
 *(.bss)
 .bss           0x200000a0       0x1c D:/STM32CubeIDE_2.1.1/STM32CubeIDE/plugins/com.st.stm32cube.ide.mcu.externaltools.gnu-tools-for-stm32.14.3.rel1.win32_1.0.100.202602081740/tools/bin/../lib/gcc/arm-none-eabi/14.3.1/thumb/v7e-m+fp/hard/crtbegin.o
 *(.bss*)
 .bss.hspi2     0x200000bc       0x64 ./Core/Src/spi.o
                0x200000bc                hspi2
 .bss.view_gettick
                0x20000120        0x4 ./Core/Src/stm32l4xx_it.o
                0x20000120                view_gettick
 .bss.__sbrk_heap_end
                0x20000124        0x4 ./Core/Src/sysmem.o
 .bss.hlpuart1  0x20000128       0x88 ./Core/Src/usart.o
                0x20000128                hlpuart1
 .bss.huart1    0x200001b0       0x88 ./Core/Src/usart.o
                0x200001b0                huart1
 .bss.huart3    0x20000238       0x88 ./Core/Src/usart.o
                0x20000238                huart3
 .bss.uwTick    0x200002c0        0x4 ./Drivers/STM32L4xx_HAL_Driver/Src/stm32l4xx_hal.o
                0x200002c0                uwTick
 .bss.cmd_state
                0x200002c4        0x1 ./User_app/Task.o
                0x200002c4                cmd_state
 .bss.cmd_result
                0x200002c5        0x1 ./User_app/Task.o
                0x200002c5                cmd_result
 .bss.cmd_type  0x200002c6        0x1 ./User_app/Task.o
                0x200002c6                cmd_type
 .bss.cmd_retry
                0x200002c7        0x1 ./User_app/Task.o
                0x200002c7                cmd_retry
 .bss.cmd_busy  0x200002c8        0x1 ./User_app/Task.o
                0x200002c8                cmd_busy
 *fill*         0x200002c9        0x3 
 .bss.cmd_tick  0x200002cc        0x4 ./User_app/Task.o
                0x200002cc                cmd_tick
 .bss.mb1       0x200002d0      0x110 ./User_app/Task.o
                0x200002d0                mb1
 .bss.clo_value
                0x200003e0        0x4 ./User_app/Task.o
                0x200003e0                clo_value
 .bss.mV_value  0x200003e4        0x4 ./User_app/Task.o
                0x200003e4                mV_value
 .bss.rc68_temp
                0x200003e8        0x4 ./User_app/Task.o
                0x200003e8                rc68_temp
 .bss.slope_value
                0x200003ec        0x4 ./User_app/Task.o
                0x200003ec                slope_value
 .bss.intercept_value
                0x200003f0        0x4 ./User_app/Task.o
                0x200003f0                intercept_value
 .bss.read_slope_once.2
                0x200003f4        0x1 ./User_app/Task.o
 *fill*         0x200003f5        0x3 
 .bss.slope_tick.1
                0x200003f8        0x4 ./User_app/Task.o
 .bss.display_tick.0
                0x200003fc        0x4 ./User_app/Task.o
 .bss.interface
                0x20000400        0x1 ./User_app/interface_lcd.o
                0x20000400                interface
 .bss.setting_cursor
                0x20000401        0x1 ./User_app/interface_lcd.o
                0x20000401                setting_cursor
 .bss.blink     0x20000402        0x1 ./User_app/interface_lcd.o
                0x20000402                blink
 *fill*         0x20000403        0x1 
 .bss.blink_tick
                0x20000404        0x4 ./User_app/interface_lcd.o
                0x20000404                blink_tick
 .bss.password  0x20000408        0x4 ./User_app/interface_lcd.o
                0x20000408                password
 .bss.password_true
                0x2000040c        0x4 ./User_app/interface_lcd.o
                0x2000040c                password_true
 .bss.pass_cur  0x20000410        0x1 ./User_app/interface_lcd.o
                0x20000410                pass_cur
 .bss.modbus_cursor
                0x20000411        0x1 ./User_app/interface_lcd.o
                0x20000411                modbus_cursor
 .bss.modbus_edit
                0x20000412        0x1 ./User_app/interface_lcd.o
                0x20000412                modbus_edit
 .bss.calib_cursor
                0x20000413        0x1 ./User_app/interface_lcd.o
                0x20000413                calib_cursor
 .bss.calib_edit
                0x20000414        0x1 ./User_app/interface_lcd.o
                0x20000414                calib_edit
 .bss.slope_pos
                0x20000415        0x1 ./User_app/interface_lcd.o
                0x20000415                slope_pos
 .bss.offset_cursor
                0x20000416        0x1 ./User_app/interface_lcd.o
                0x20000416                offset_cursor
 .bss.offset_edit
                0x20000417        0x1 ./User_app/interface_lcd.o
                0x20000417                offset_edit
 .bss.offset_pos
                0x20000418        0x1 ./User_app/interface_lcd.o
                0x20000418                offset_pos
 .bss.warning_cursor
                0x20000419        0x1 ./User_app/interface_lcd.o
                0x20000419                warning_cursor
 .bss.warning_edit
                0x2000041a        0x1 ./User_app/interface_lcd.o
                0x2000041a                warning_edit
 .bss.warning_pos
                0x2000041b        0x1 ./User_app/interface_lcd.o
                0x2000041b                warning_pos
 .bss.range_index
                0x2000041c        0x1 ./User_app/interface_lcd.o
                0x2000041c                range_index
 .bss.range_edit
                0x2000041d        0x1 ./User_app/interface_lcd.o
                0x2000041d                range_edit
 *fill*         0x2000041e        0x2 
 .bss.glcd_buffer
                0x20000420      0x400 ./User_bsp/glcd-master/glcd.o
                0x20000420                glcd_buffer
 .bss.glcd_bbox
                0x20000820        0x4 ./User_bsp/glcd-master/glcd.o
                0x20000820                glcd_bbox
 .bss.glcd_buffer_selected
                0x20000824        0x4 ./User_bsp/glcd-master/glcd.o
                0x20000824                glcd_buffer_selected
 .bss.glcd_bbox_selected
                0x20000828        0x4 ./User_bsp/glcd-master/glcd.o
                0x20000828                glcd_bbox_selected
 .bss.font_current
                0x2000082c        0xc ./User_bsp/glcd-master/text.o
                0x2000082c                font_current
 .bss.__sf      0x20000838      0x138 D:/STM32CubeIDE_2.1.1/STM32CubeIDE/plugins/com.st.stm32cube.ide.mcu.externaltools.gnu-tools-for-stm32.14.3.rel1.win32_1.0.100.202602081740/tools/bin/../lib/gcc/arm-none-eabi/14.3.1/../../../../arm-none-eabi/lib/thumb/v7e-m+fp/hard\libc_nano.a(libc_a-findfp.o)
                0x20000838                __sf
 .bss.errno     0x20000970        0x4 D:/STM32CubeIDE_2.1.1/STM32CubeIDE/plugins/com.st.stm32cube.ide.mcu.externaltools.gnu-tools-for-stm32.14.3.rel1.win32_1.0.100.202602081740/tools/bin/../lib/gcc/arm-none-eabi/14.3.1/../../../../arm-none-eabi/lib/thumb/v7e-m+fp/hard\libc_nano.a(libc_a-reent.o)
                0x20000970                errno
 .bss.__lock___malloc_recursive_mutex
                0x20000974        0x1 D:/STM32CubeIDE_2.1.1/STM32CubeIDE/plugins/com.st.stm32cube.ide.mcu.externaltools.gnu-tools-for-stm32.14.3.rel1.win32_1.0.100.202602081740/tools/bin/../lib/gcc/arm-none-eabi/14.3.1/../../../../arm-none-eabi/lib/thumb/v7e-m+fp/hard\libc_nano.a(libc_a-lock.o)
                0x20000974                __lock___malloc_recursive_mutex
 *fill*         0x20000975        0x3 
 .bss.__malloc_sbrk_start
                0x20000978        0x4 D:/STM32CubeIDE_2.1.1/STM32CubeIDE/plugins/com.st.stm32cube.ide.mcu.externaltools.gnu-tools-for-stm32.14.3.rel1.win32_1.0.100.202602081740/tools/bin/../lib/gcc/arm-none-eabi/14.3.1/../../../../arm-none-eabi/lib/thumb/v7e-m+fp/hard\libc_nano.a(libc_a-mallocr.o)
                0x20000978                __malloc_sbrk_start
 .bss.__malloc_free_list
                0x2000097c        0x4 D:/STM32CubeIDE_2.1.1/STM32CubeIDE/plugins/com.st.stm32cube.ide.mcu.externaltools.gnu-tools-for-stm32.14.3.rel1.win32_1.0.100.202602081740/tools/bin/../lib/gcc/arm-none-eabi/14.3.1/../../../../arm-none-eabi/lib/thumb/v7e-m+fp/hard\libc_nano.a(libc_a-mallocr.o)
                0x2000097c                __malloc_free_list
 *(COMMON)
                0x20000980                        . = ALIGN (0x4)
                0x20000980                        _ebss = .
                0x20000980                        __bss_end__ = _ebss

._user_heap_stack
                0x20000980      0x600 load address 0x08008868
                0x20000980                        . = ALIGN (0x8)
                [!provide]                        PROVIDE (end = .)
                0x20000980                        PROVIDE (_end = .)
                0x20000b80                        . = (. + _Min_Heap_Size)
 *fill*         0x20000980      0x200 
                0x20000f80                        . = (. + _Min_Stack_Size)
 *fill*         0x20000b80      0x400 
                0x20000f80                        . = ALIGN (0x8)

/DISCARD/
 libc.a(*)
 libm.a(*)
 libgcc.a(*)

.ARM.attributes
                0x00000000       0x30
 *(.ARM.attributes)
 .ARM.attributes
                0x00000000       0x22 D:/STM32CubeIDE_2.1.1/STM32CubeIDE/plugins/com.st.stm32cube.ide.mcu.externaltools.gnu-tools-for-stm32.14.3.rel1.win32_1.0.100.202602081740/tools/bin/../lib/gcc/arm-none-eabi/14.3.1/thumb/v7e-m+fp/hard/crti.o
 .ARM.attributes
                0x00000022       0x34 D:/STM32CubeIDE_2.1.1/STM32CubeIDE/plugins/com.st.stm32cube.ide.mcu.externaltools.gnu-tools-for-stm32.14.3.rel1.win32_1.0.100.202602081740/tools/bin/../lib/gcc/arm-none-eabi/14.3.1/thumb/v7e-m+fp/hard/crtbegin.o
 .ARM.attributes
                0x00000056       0x34 ./Core/Src/gpio.o
 .ARM.attributes
                0x0000008a       0x34 ./Core/Src/main.o
 .ARM.attributes
                0x000000be       0x34 ./Core/Src/spi.o
 .ARM.attributes
                0x000000f2       0x34 ./Core/Src/stm32l4xx_hal_msp.o
 .ARM.attributes
                0x00000126       0x34 ./Core/Src/stm32l4xx_it.o
 .ARM.attributes
                0x0000015a       0x34 ./Core/Src/sysmem.o
 .ARM.attributes
                0x0000018e       0x34 ./Core/Src/system_stm32l4xx.o
 .ARM.attributes
                0x000001c2       0x34 ./Core/Src/usart.o
 .ARM.attributes
                0x000001f6       0x21 ./Core/Startup/startup_stm32l433rctx.o
 .ARM.attributes
                0x00000217       0x34 ./Drivers/STM32L4xx_HAL_Driver/Src/stm32l4xx_hal.o
 .ARM.attributes
                0x0000024b       0x34 ./Drivers/STM32L4xx_HAL_Driver/Src/stm32l4xx_hal_cortex.o
 .ARM.attributes
                0x0000027f       0x34 ./Drivers/STM32L4xx_HAL_Driver/Src/stm32l4xx_hal_dma.o
 .ARM.attributes
                0x000002b3       0x34 ./Drivers/STM32L4xx_HAL_Driver/Src/stm32l4xx_hal_gpio.o
 .ARM.attributes
                0x000002e7       0x34 ./Drivers/STM32L4xx_HAL_Driver/Src/stm32l4xx_hal_pwr.o
 .ARM.attributes
                0x0000031b       0x34 ./Drivers/STM32L4xx_HAL_Driver/Src/stm32l4xx_hal_pwr_ex.o
 .ARM.attributes
                0x0000034f       0x34 ./Drivers/STM32L4xx_HAL_Driver/Src/stm32l4xx_hal_rcc.o
 .ARM.attributes
                0x00000383       0x34 ./Drivers/STM32L4xx_HAL_Driver/Src/stm32l4xx_hal_rcc_ex.o
 .ARM.attributes
                0x000003b7       0x34 ./Drivers/STM32L4xx_HAL_Driver/Src/stm32l4xx_hal_spi.o
 .ARM.attributes
                0x000003eb       0x34 ./Drivers/STM32L4xx_HAL_Driver/Src/stm32l4xx_hal_uart.o
 .ARM.attributes
                0x0000041f       0x34 ./Drivers/STM32L4xx_HAL_Driver/Src/stm32l4xx_hal_uart_ex.o
 .ARM.attributes
                0x00000453       0x34 ./User_app/Task.o
 .ARM.attributes
                0x00000487       0x34 ./User_app/button_handle.o
 .ARM.attributes
                0x000004bb       0x34 ./User_app/clo_rc68.o
 .ARM.attributes
                0x000004ef       0x34 ./User_app/interface_lcd.o
 .ARM.attributes
                0x00000523       0x34 ./User_bsp/glcd-master/controllers/ST7565R.o
 .ARM.attributes
                0x00000557       0x34 ./User_bsp/glcd-master/devices/STM32L4.o
 .ARM.attributes
                0x0000058b       0x34 ./User_bsp/glcd-master/glcd.o
 .ARM.attributes
                0x000005bf       0x34 ./User_bsp/glcd-master/graphics.o
 .ARM.attributes
                0x000005f3       0x34 ./User_bsp/glcd-master/text.o
 .ARM.attributes
                0x00000627       0x34 ./User_bsp/glcd-master/text_tiny.o
 .ARM.attributes
                0x0000065b       0x34 ./User_bsp/rs485/bsp_rs485.o
 .ARM.attributes
                0x0000068f       0x34 ./User_middleware/modbus/modbus_crc.o
 .ARM.attributes
                0x000006c3       0x34 ./User_middleware/modbus/modbus_master.o
 .ARM.attributes
                0x000006f7       0x34 ./User_middleware/modbus/modbus_rtu.o
 .ARM.attributes
                0x0000072b       0x34 D:/STM32CubeIDE_2.1.1/STM32CubeIDE/plugins/com.st.stm32cube.ide.mcu.externaltools.gnu-tools-for-stm32.14.3.rel1.win32_1.0.100.202602081740/tools/bin/../lib/gcc/arm-none-eabi/14.3.1/../../../../arm-none-eabi/lib/thumb/v7e-m+fp/hard\libc_nano.a(libc_a-findfp.o)
 .ARM.attributes
                0x0000075f       0x34 D:/STM32CubeIDE_2.1.1/STM32CubeIDE/plugins/com.st.stm32cube.ide.mcu.externaltools.gnu-tools-for-stm32.14.3.rel1.win32_1.0.100.202602081740/tools/bin/../lib/gcc/arm-none-eabi/14.3.1/../../../../arm-none-eabi/lib/thumb/v7e-m+fp/hard\libc_nano.a(libc_a-snprintf.o)
 .ARM.attributes
                0x00000793       0x34 D:/STM32CubeIDE_2.1.1/STM32CubeIDE/plugins/com.st.stm32cube.ide.mcu.externaltools.gnu-tools-for-stm32.14.3.rel1.win32_1.0.100.202602081740/tools/bin/../lib/gcc/arm-none-eabi/14.3.1/../../../../arm-none-eabi/lib/thumb/v7e-m+fp/hard\libc_nano.a(libc_a-sprintf.o)
 .ARM.attributes
                0x000007c7       0x34 D:/STM32CubeIDE_2.1.1/STM32CubeIDE/plugins/com.st.stm32cube.ide.mcu.externaltools.gnu-tools-for-stm32.14.3.rel1.win32_1.0.100.202602081740/tools/bin/../lib/gcc/arm-none-eabi/14.3.1/../../../../arm-none-eabi/lib/thumb/v7e-m+fp/hard\libc_nano.a(libc_a-memcmp.o)
 .ARM.attributes
                0x000007fb       0x34 D:/STM32CubeIDE_2.1.1/STM32CubeIDE/plugins/com.st.stm32cube.ide.mcu.externaltools.gnu-tools-for-stm32.14.3.rel1.win32_1.0.100.202602081740/tools/bin/../lib/gcc/arm-none-eabi/14.3.1/../../../../arm-none-eabi/lib/thumb/v7e-m+fp/hard\libc_nano.a(libc_a-memset.o)
 .ARM.attributes
                0x0000082f       0x34 D:/STM32CubeIDE_2.1.1/STM32CubeIDE/plugins/com.st.stm32cube.ide.mcu.externaltools.gnu-tools-for-stm32.14.3.rel1.win32_1.0.100.202602081740/tools/bin/../lib/gcc/arm-none-eabi/14.3.1/../../../../arm-none-eabi/lib/thumb/v7e-m+fp/hard\libc_nano.a(libc_a-reent.o)
 .ARM.attributes
                0x00000863       0x34 D:/STM32CubeIDE_2.1.1/STM32CubeIDE/plugins/com.st.stm32cube.ide.mcu.externaltools.gnu-tools-for-stm32.14.3.rel1.win32_1.0.100.202602081740/tools/bin/../lib/gcc/arm-none-eabi/14.3.1/../../../../arm-none-eabi/lib/thumb/v7e-m+fp/hard\libc_nano.a(libc_a-impure.o)
 .ARM.attributes
                0x00000897       0x34 D:/STM32CubeIDE_2.1.1/STM32CubeIDE/plugins/com.st.stm32cube.ide.mcu.externaltools.gnu-tools-for-stm32.14.3.rel1.win32_1.0.100.202602081740/tools/bin/../lib/gcc/arm-none-eabi/14.3.1/../../../../arm-none-eabi/lib/thumb/v7e-m+fp/hard\libc_nano.a(libc_a-errno.o)
 .ARM.attributes
                0x000008cb       0x34 D:/STM32CubeIDE_2.1.1/STM32CubeIDE/plugins/com.st.stm32cube.ide.mcu.externaltools.gnu-tools-for-stm32.14.3.rel1.win32_1.0.100.202602081740/tools/bin/../lib/gcc/arm-none-eabi/14.3.1/../../../../arm-none-eabi/lib/thumb/v7e-m+fp/hard\libc_nano.a(libc_a-init.o)
 .ARM.attributes
                0x000008ff       0x34 D:/STM32CubeIDE_2.1.1/STM32CubeIDE/plugins/com.st.stm32cube.ide.mcu.externaltools.gnu-tools-for-stm32.14.3.rel1.win32_1.0.100.202602081740/tools/bin/../lib/gcc/arm-none-eabi/14.3.1/../../../../arm-none-eabi/lib/thumb/v7e-m+fp/hard\libc_nano.a(libc_a-lock.o)
 .ARM.attributes
                0x00000933       0x34 D:/STM32CubeIDE_2.1.1/STM32CubeIDE/plugins/com.st.stm32cube.ide.mcu.externaltools.gnu-tools-for-stm32.14.3.rel1.win32_1.0.100.202602081740/tools/bin/../lib/gcc/arm-none-eabi/14.3.1/../../../../arm-none-eabi/lib/thumb/v7e-m+fp/hard\libc_nano.a(libc_a-memcpy-stub.o)
 .ARM.attributes
                0x00000967       0x17 D:/STM32CubeIDE_2.1.1/STM32CubeIDE/plugins/com.st.stm32cube.ide.mcu.externaltools.gnu-tools-for-stm32.14.3.rel1.win32_1.0.100.202602081740/tools/bin/../lib/gcc/arm-none-eabi/14.3.1/../../../../arm-none-eabi/lib/thumb/v7e-m+fp/hard\libc_nano.a(libc_a-strlen.o)
 .ARM.attributes
                0x0000097e       0x34 D:/STM32CubeIDE_2.1.1/STM32CubeIDE/plugins/com.st.stm32cube.ide.mcu.externaltools.gnu-tools-for-stm32.14.3.rel1.win32_1.0.100.202602081740/tools/bin/../lib/gcc/arm-none-eabi/14.3.1/../../../../arm-none-eabi/lib/thumb/v7e-m+fp/hard\libc_nano.a(libc_a-freer.o)
 .ARM.attributes
                0x000009b2       0x34 D:/STM32CubeIDE_2.1.1/STM32CubeIDE/plugins/com.st.stm32cube.ide.mcu.externaltools.gnu-tools-for-stm32.14.3.rel1.win32_1.0.100.202602081740/tools/bin/../lib/gcc/arm-none-eabi/14.3.1/../../../../arm-none-eabi/lib/thumb/v7e-m+fp/hard\libc_nano.a(libc_a-mallocr.o)
 .ARM.attributes
                0x000009e6       0x34 D:/STM32CubeIDE_2.1.1/STM32CubeIDE/plugins/com.st.stm32cube.ide.mcu.externaltools.gnu-tools-for-stm32.14.3.rel1.win32_1.0.100.202602081740/tools/bin/../lib/gcc/arm-none-eabi/14.3.1/../../../../arm-none-eabi/lib/thumb/v7e-m+fp/hard\libc_nano.a(libc_a-mlock.o)
 .ARM.attributes
                0x00000a1a       0x34 D:/STM32CubeIDE_2.1.1/STM32CubeIDE/plugins/com.st.stm32cube.ide.mcu.externaltools.gnu-tools-for-stm32.14.3.rel1.win32_1.0.100.202602081740/tools/bin/../lib/gcc/arm-none-eabi/14.3.1/../../../../arm-none-eabi/lib/thumb/v7e-m+fp/hard\libc_nano.a(libc_a-nano-svfprintf.o)
 .ARM.attributes
                0x00000a4e       0x34 D:/STM32CubeIDE_2.1.1/STM32CubeIDE/plugins/com.st.stm32cube.ide.mcu.externaltools.gnu-tools-for-stm32.14.3.rel1.win32_1.0.100.202602081740/tools/bin/../lib/gcc/arm-none-eabi/14.3.1/../../../../arm-none-eabi/lib/thumb/v7e-m+fp/hard\libc_nano.a(libc_a-nano-vfprintf_i.o)
 .ARM.attributes
                0x00000a82       0x34 D:/STM32CubeIDE_2.1.1/STM32CubeIDE/plugins/com.st.stm32cube.ide.mcu.externaltools.gnu-tools-for-stm32.14.3.rel1.win32_1.0.100.202602081740/tools/bin/../lib/gcc/arm-none-eabi/14.3.1/../../../../arm-none-eabi/lib/thumb/v7e-m+fp/hard\libc_nano.a(libc_a-memmove.o)
 .ARM.attributes
                0x00000ab6       0x34 D:/STM32CubeIDE_2.1.1/STM32CubeIDE/plugins/com.st.stm32cube.ide.mcu.externaltools.gnu-tools-for-stm32.14.3.rel1.win32_1.0.100.202602081740/tools/bin/../lib/gcc/arm-none-eabi/14.3.1/../../../../arm-none-eabi/lib/thumb/v7e-m+fp/hard\libc_nano.a(libc_a-sbrkr.o)
 .ARM.attributes
                0x00000aea       0x1c D:/STM32CubeIDE_2.1.1/STM32CubeIDE/plugins/com.st.stm32cube.ide.mcu.externaltools.gnu-tools-for-stm32.14.3.rel1.win32_1.0.100.202602081740/tools/bin/../lib/gcc/arm-none-eabi/14.3.1/../../../../arm-none-eabi/lib/thumb/v7e-m+fp/hard\libc_nano.a(libc_a-memchr.o)
 .ARM.attributes
                0x00000b06       0x34 D:/STM32CubeIDE_2.1.1/STM32CubeIDE/plugins/com.st.stm32cube.ide.mcu.externaltools.gnu-tools-for-stm32.14.3.rel1.win32_1.0.100.202602081740/tools/bin/../lib/gcc/arm-none-eabi/14.3.1/../../../../arm-none-eabi/lib/thumb/v7e-m+fp/hard\libc_nano.a(libc_a-reallocr.o)
 .ARM.attributes
                0x00000b3a       0x34 D:/STM32CubeIDE_2.1.1/STM32CubeIDE/plugins/com.st.stm32cube.ide.mcu.externaltools.gnu-tools-for-stm32.14.3.rel1.win32_1.0.100.202602081740/tools/bin/../lib/gcc/arm-none-eabi/14.3.1/../../../../arm-none-eabi/lib/thumb/v7e-m+fp/hard\libc_nano.a(libc_a-msizer.o)
 .ARM.attributes
                0x00000b6e       0x22 D:/STM32CubeIDE_2.1.1/STM32CubeIDE/plugins/com.st.stm32cube.ide.mcu.externaltools.gnu-tools-for-stm32.14.3.rel1.win32_1.0.100.202602081740/tools/bin/../lib/gcc/arm-none-eabi/14.3.1/thumb/v7e-m+fp/hard\libgcc.a(_aeabi_uldivmod.o)
 .ARM.attributes
                0x00000b90       0x34 D:/STM32CubeIDE_2.1.1/STM32CubeIDE/plugins/com.st.stm32cube.ide.mcu.externaltools.gnu-tools-for-stm32.14.3.rel1.win32_1.0.100.202602081740/tools/bin/../lib/gcc/arm-none-eabi/14.3.1/thumb/v7e-m+fp/hard\libgcc.a(_udivmoddi4.o)
 .ARM.attributes
                0x00000bc4       0x22 D:/STM32CubeIDE_2.1.1/STM32CubeIDE/plugins/com.st.stm32cube.ide.mcu.externaltools.gnu-tools-for-stm32.14.3.rel1.win32_1.0.100.202602081740/tools/bin/../lib/gcc/arm-none-eabi/14.3.1/thumb/v7e-m+fp/hard\libgcc.a(_dvmd_tls.o)
 .ARM.attributes
                0x00000be6       0x22 D:/STM32CubeIDE_2.1.1/STM32CubeIDE/plugins/com.st.stm32cube.ide.mcu.externaltools.gnu-tools-for-stm32.14.3.rel1.win32_1.0.100.202602081740/tools/bin/../lib/gcc/arm-none-eabi/14.3.1/thumb/v7e-m+fp/hard/crtn.o
OUTPUT(Free_Chlorine_RC68_D001.elf elf32-littlearm)
LOAD linker stubs
LOAD D:/STM32CubeIDE_2.1.1/STM32CubeIDE/plugins/com.st.stm32cube.ide.mcu.externaltools.gnu-tools-for-stm32.14.3.rel1.win32_1.0.100.202602081740/tools/bin/../lib/gcc/arm-none-eabi/14.3.1/../../../../arm-none-eabi/lib/thumb/v7e-m+fp/hard\libc.a
LOAD D:/STM32CubeIDE_2.1.1/STM32CubeIDE/plugins/com.st.stm32cube.ide.mcu.externaltools.gnu-tools-for-stm32.14.3.rel1.win32_1.0.100.202602081740/tools/bin/../lib/gcc/arm-none-eabi/14.3.1/../../../../arm-none-eabi/lib/thumb/v7e-m+fp/hard\libm.a
LOAD D:/STM32CubeIDE_2.1.1/STM32CubeIDE/plugins/com.st.stm32cube.ide.mcu.externaltools.gnu-tools-for-stm32.14.3.rel1.win32_1.0.100.202602081740/tools/bin/../lib/gcc/arm-none-eabi/14.3.1/thumb/v7e-m+fp/hard\libgcc.a

.debug_info     0x00000000    0x146c3
 .debug_info    0x00000000      0x4bc ./Core/Src/gpio.o
 .debug_info    0x000004bc      0x68f ./Core/Src/main.o
 .debug_info    0x00000b4b      0x9b2 ./Core/Src/spi.o
 .debug_info    0x000014fd      0x30d ./Core/Src/stm32l4xx_hal_msp.o
 .debug_info    0x0000180a      0x745 ./Core/Src/stm32l4xx_it.o
 .debug_info    0x00001f4f      0x168 ./Core/Src/sysmem.o
 .debug_info    0x000020b7      0x5f0 ./Core/Src/system_stm32l4xx.o
 .debug_info    0x000026a7      0xf4c ./Core/Src/usart.o
 .debug_info    0x000035f3       0x30 ./Core/Startup/startup_stm32l433rctx.o
 .debug_info    0x00003623      0xae1 ./Drivers/STM32L4xx_HAL_Driver/Src/stm32l4xx_hal.o
 .debug_info    0x00004104      0xd53 ./Drivers/STM32L4xx_HAL_Driver/Src/stm32l4xx_hal_cortex.o
 .debug_info    0x00004e57      0x71a ./Drivers/STM32L4xx_HAL_Driver/Src/stm32l4xx_hal_dma.o
 .debug_info    0x00005571      0x79f ./Drivers/STM32L4xx_HAL_Driver/Src/stm32l4xx_hal_gpio.o
 .debug_info    0x00005d10      0x958 ./Drivers/STM32L4xx_HAL_Driver/Src/stm32l4xx_hal_pwr.o
 .debug_info    0x00006668      0x94c ./Drivers/STM32L4xx_HAL_Driver/Src/stm32l4xx_hal_pwr_ex.o
 .debug_info    0x00006fb4      0xbf4 ./Drivers/STM32L4xx_HAL_Driver/Src/stm32l4xx_hal_rcc.o
 .debug_info    0x00007ba8      0xf53 ./Drivers/STM32L4xx_HAL_Driver/Src/stm32l4xx_hal_rcc_ex.o
 .debug_info    0x00008afb     0x1572 ./Drivers/STM32L4xx_HAL_Driver/Src/stm32l4xx_hal_spi.o
 .debug_info    0x0000a06d     0x3b9c ./Drivers/STM32L4xx_HAL_Driver/Src/stm32l4xx_hal_uart.o
 .debug_info    0x0000dc09      0xded ./Drivers/STM32L4xx_HAL_Driver/Src/stm32l4xx_hal_uart_ex.o
 .debug_info    0x0000e9f6      0xe4d ./User_app/Task.o
 .debug_info    0x0000f843      0x496 ./User_app/button_handle.o
 .debug_info    0x0000fcd9      0x4d9 ./User_app/clo_rc68.o
 .debug_info    0x000101b2      0x88f ./User_app/interface_lcd.o
 .debug_info    0x00010a41      0x46f ./User_bsp/glcd-master/controllers/ST7565R.o
 .debug_info    0x00010eb0      0x825 ./User_bsp/glcd-master/devices/STM32L4.o
 .debug_info    0x000116d5      0x334 ./User_bsp/glcd-master/glcd.o
 .debug_info    0x00011a09      0x630 ./User_bsp/glcd-master/graphics.o
 .debug_info    0x00012039      0x603 ./User_bsp/glcd-master/text.o
 .debug_info    0x0001263c      0x3ea ./User_bsp/glcd-master/text_tiny.o
 .debug_info    0x00012a26      0xb2d ./User_bsp/rs485/bsp_rs485.o
 .debug_info    0x00013553      0x1c9 ./User_middleware/modbus/modbus_crc.o
 .debug_info    0x0001371c      0xc7b ./User_middleware/modbus/modbus_master.o
 .debug_info    0x00014397      0x32c ./User_middleware/modbus/modbus_rtu.o

.debug_abbrev   0x00000000     0x4074
 .debug_abbrev  0x00000000      0x158 ./Core/Src/gpio.o
 .debug_abbrev  0x00000158      0x24f ./Core/Src/main.o
 .debug_abbrev  0x000003a7      0x1f8 ./Core/Src/spi.o
 .debug_abbrev  0x0000059f       0xdd ./Core/Src/stm32l4xx_hal_msp.o
 .debug_abbrev  0x0000067c      0x1aa ./Core/Src/stm32l4xx_it.o
 .debug_abbrev  0x00000826       0xbc ./Core/Src/sysmem.o
 .debug_abbrev  0x000008e2      0x117 ./Core/Src/system_stm32l4xx.o
 .debug_abbrev  0x000009f9      0x200 ./Core/Src/usart.o
 .debug_abbrev  0x00000bf9       0x24 ./Core/Startup/startup_stm32l433rctx.o
 .debug_abbrev  0x00000c1d      0x243 ./Drivers/STM32L4xx_HAL_Driver/Src/stm32l4xx_hal.o
 .debug_abbrev  0x00000e60      0x31c ./Drivers/STM32L4xx_HAL_Driver/Src/stm32l4xx_hal_cortex.o
 .debug_abbrev  0x0000117c      0x1fd ./Drivers/STM32L4xx_HAL_Driver/Src/stm32l4xx_hal_dma.o
 .debug_abbrev  0x00001379      0x1d1 ./Drivers/STM32L4xx_HAL_Driver/Src/stm32l4xx_hal_gpio.o
 .debug_abbrev  0x0000154a      0x1e5 ./Drivers/STM32L4xx_HAL_Driver/Src/stm32l4xx_hal_pwr.o
 .debug_abbrev  0x0000172f      0x1f9 ./Drivers/STM32L4xx_HAL_Driver/Src/stm32l4xx_hal_pwr_ex.o
 .debug_abbrev  0x00001928      0x2dc ./Drivers/STM32L4xx_HAL_Driver/Src/stm32l4xx_hal_rcc.o
 .debug_abbrev  0x00001c04      0x2a0 ./Drivers/STM32L4xx_HAL_Driver/Src/stm32l4xx_hal_rcc_ex.o
 .debug_abbrev  0x00001ea4      0x282 ./Drivers/STM32L4xx_HAL_Driver/Src/stm32l4xx_hal_spi.o
 .debug_abbrev  0x00002126      0x2f3 ./Drivers/STM32L4xx_HAL_Driver/Src/stm32l4xx_hal_uart.o
 .debug_abbrev  0x00002419      0x2d0 ./Drivers/STM32L4xx_HAL_Driver/Src/stm32l4xx_hal_uart_ex.o
 .debug_abbrev  0x000026e9      0x2bb ./User_app/Task.o
 .debug_abbrev  0x000029a4      0x156 ./User_app/button_handle.o
 .debug_abbrev  0x00002afa      0x16c ./User_app/clo_rc68.o
 .debug_abbrev  0x00002c66      0x201 ./User_app/interface_lcd.o
 .debug_abbrev  0x00002e67      0x1e8 ./User_bsp/glcd-master/controllers/ST7565R.o
 .debug_abbrev  0x0000304f      0x1f9 ./User_bsp/glcd-master/devices/STM32L4.o
 .debug_abbrev  0x00003248      0x1ba ./User_bsp/glcd-master/glcd.o
 .debug_abbrev  0x00003402      0x1c9 ./User_bsp/glcd-master/graphics.o
 .debug_abbrev  0x000035cb      0x21f ./User_bsp/glcd-master/text.o
 .debug_abbrev  0x000037ea      0x197 ./User_bsp/glcd-master/text_tiny.o
 .debug_abbrev  0x00003981      0x213 ./User_bsp/rs485/bsp_rs485.o
 .debug_abbrev  0x00003b94       0xf7 ./User_middleware/modbus/modbus_crc.o
 .debug_abbrev  0x00003c8b      0x274 ./User_middleware/modbus/modbus_master.o
 .debug_abbrev  0x00003eff      0x175 ./User_middleware/modbus/modbus_rtu.o

.debug_aranges  0x00000000     0x11d0
 .debug_aranges
                0x00000000       0x20 ./Core/Src/gpio.o
 .debug_aranges
                0x00000020       0x30 ./Core/Src/main.o
 .debug_aranges
                0x00000050       0x30 ./Core/Src/spi.o
 .debug_aranges
                0x00000080       0x20 ./Core/Src/stm32l4xx_hal_msp.o
 .debug_aranges
                0x000000a0       0x70 ./Core/Src/stm32l4xx_it.o
 .debug_aranges
                0x00000110       0x20 ./Core/Src/sysmem.o
 .debug_aranges
                0x00000130       0x28 ./Core/Src/system_stm32l4xx.o
 .debug_aranges
                0x00000158       0x40 ./Core/Src/usart.o
 .debug_aranges
                0x00000198       0x28 ./Core/Startup/startup_stm32l433rctx.o
 .debug_aranges
                0x000001c0      0x130 ./Drivers/STM32L4xx_HAL_Driver/Src/stm32l4xx_hal.o
 .debug_aranges
                0x000002f0      0x128 ./Drivers/STM32L4xx_HAL_Driver/Src/stm32l4xx_hal_cortex.o
 .debug_aranges
                0x00000418       0x80 ./Drivers/STM32L4xx_HAL_Driver/Src/stm32l4xx_hal_dma.o
 .debug_aranges
                0x00000498       0x58 ./Drivers/STM32L4xx_HAL_Driver/Src/stm32l4xx_hal_gpio.o
 .debug_aranges
                0x000004f0       0x98 ./Drivers/STM32L4xx_HAL_Driver/Src/stm32l4xx_hal_pwr.o
 .debug_aranges
                0x00000588      0x128 ./Drivers/STM32L4xx_HAL_Driver/Src/stm32l4xx_hal_pwr_ex.o
 .debug_aranges
                0x000006b0       0x90 ./Drivers/STM32L4xx_HAL_Driver/Src/stm32l4xx_hal_rcc.o
 .debug_aranges
                0x00000740       0xf0 ./Drivers/STM32L4xx_HAL_Driver/Src/stm32l4xx_hal_rcc_ex.o
 .debug_aranges
                0x00000830      0x1d8 ./Drivers/STM32L4xx_HAL_Driver/Src/stm32l4xx_hal_spi.o
 .debug_aranges
                0x00000a08      0x228 ./Drivers/STM32L4xx_HAL_Driver/Src/stm32l4xx_hal_uart.o
 .debug_aranges
                0x00000c30       0x80 ./Drivers/STM32L4xx_HAL_Driver/Src/stm32l4xx_hal_uart_ex.o
 .debug_aranges
                0x00000cb0       0x48 ./User_app/Task.o
 .debug_aranges
                0x00000cf8       0x40 ./User_app/button_handle.o
 .debug_aranges
                0x00000d38       0x80 ./User_app/clo_rc68.o
 .debug_aranges
                0x00000db8       0x70 ./User_app/interface_lcd.o
 .debug_aranges
                0x00000e28       0x98 ./User_bsp/glcd-master/controllers/ST7565R.o
 .debug_aranges
                0x00000ec0       0x40 ./User_bsp/glcd-master/devices/STM32L4.o
 .debug_aranges
                0x00000f00       0x60 ./User_bsp/glcd-master/glcd.o
 .debug_aranges
                0x00000f60       0x78 ./User_bsp/glcd-master/graphics.o
 .debug_aranges
                0x00000fd8       0x50 ./User_bsp/glcd-master/text.o
 .debug_aranges
                0x00001028       0x58 ./User_bsp/glcd-master/text_tiny.o
 .debug_aranges
                0x00001080       0x70 ./User_bsp/rs485/bsp_rs485.o
 .debug_aranges
                0x000010f0       0x30 ./User_middleware/modbus/modbus_crc.o
 .debug_aranges
                0x00001120       0x70 ./User_middleware/modbus/modbus_master.o
 .debug_aranges
                0x00001190       0x40 ./User_middleware/modbus/modbus_rtu.o

.debug_rnglists
                0x00000000      0xd9d
 .debug_rnglists
                0x00000000       0x14 ./Core/Src/gpio.o
 .debug_rnglists
                0x00000014       0x20 ./Core/Src/main.o
 .debug_rnglists
                0x00000034       0x20 ./Core/Src/spi.o
 .debug_rnglists
                0x00000054       0x13 ./Core/Src/stm32l4xx_hal_msp.o
 .debug_rnglists
                0x00000067       0x4f ./Core/Src/stm32l4xx_it.o
 .debug_rnglists
                0x000000b6       0x13 ./Core/Src/sysmem.o
 .debug_rnglists
                0x000000c9       0x1a ./Core/Src/system_stm32l4xx.o
 .debug_rnglists
                0x000000e3       0x2d ./Core/Src/usart.o
 .debug_rnglists
                0x00000110       0x19 ./Core/Startup/startup_stm32l433rctx.o
 .debug_rnglists
                0x00000129       0xdf ./Drivers/STM32L4xx_HAL_Driver/Src/stm32l4xx_hal.o
 .debug_rnglists
                0x00000208       0xda ./Drivers/STM32L4xx_HAL_Driver/Src/stm32l4xx_hal_cortex.o
 .debug_rnglists
                0x000002e2       0x65 ./Drivers/STM32L4xx_HAL_Driver/Src/stm32l4xx_hal_dma.o
 .debug_rnglists
                0x00000347       0x3f ./Drivers/STM32L4xx_HAL_Driver/Src/stm32l4xx_hal_gpio.o
 .debug_rnglists
                0x00000386       0x6e ./Drivers/STM32L4xx_HAL_Driver/Src/stm32l4xx_hal_pwr.o
 .debug_rnglists
                0x000003f4       0xdf ./Drivers/STM32L4xx_HAL_Driver/Src/stm32l4xx_hal_pwr_ex.o
 .debug_rnglists
                0x000004d3       0x6d ./Drivers/STM32L4xx_HAL_Driver/Src/stm32l4xx_hal_rcc.o
 .debug_rnglists
                0x00000540       0xba ./Drivers/STM32L4xx_HAL_Driver/Src/stm32l4xx_hal_rcc_ex.o
 .debug_rnglists
                0x000005fa      0x178 ./Drivers/STM32L4xx_HAL_Driver/Src/stm32l4xx_hal_spi.o
 .debug_rnglists
                0x00000772      0x1da ./Drivers/STM32L4xx_HAL_Driver/Src/stm32l4xx_hal_uart.o
 .debug_rnglists
                0x0000094c       0x60 ./Drivers/STM32L4xx_HAL_Driver/Src/stm32l4xx_hal_uart_ex.o
 .debug_rnglists
                0x000009ac       0x36 ./User_app/Task.o
 .debug_rnglists
                0x000009e2       0x2f ./User_app/button_handle.o
 .debug_rnglists
                0x00000a11       0x5c ./User_app/clo_rc68.o
 .debug_rnglists
                0x00000a6d       0x63 ./User_app/interface_lcd.o
 .debug_rnglists
                0x00000ad0       0x7a ./User_bsp/glcd-master/controllers/ST7565R.o
 .debug_rnglists
                0x00000b4a       0x2b ./User_bsp/glcd-master/devices/STM32L4.o
 .debug_rnglists
                0x00000b75       0x44 ./User_bsp/glcd-master/glcd.o
 .debug_rnglists
                0x00000bb9       0x5d ./User_bsp/glcd-master/graphics.o
 .debug_rnglists
                0x00000c16       0x50 ./User_bsp/glcd-master/text.o
 .debug_rnglists
                0x00000c66       0x4c ./User_bsp/glcd-master/text_tiny.o
 .debug_rnglists
                0x00000cb2       0x4f ./User_bsp/rs485/bsp_rs485.o
 .debug_rnglists
                0x00000d01       0x1f ./User_middleware/modbus/modbus_crc.o
 .debug_rnglists
                0x00000d20       0x52 ./User_middleware/modbus/modbus_master.o
 .debug_rnglists
                0x00000d72       0x2b ./User_middleware/modbus/modbus_rtu.o

.debug_macro    0x00000000    0x254a4
 .debug_macro   0x00000000      0x1e9 ./Core/Src/gpio.o
 .debug_macro   0x000001e9      0xad8 ./Core/Src/gpio.o
 .debug_macro   0x00000cc1      0x1a7 ./Core/Src/gpio.o
 .debug_macro   0x00000e68       0x2e ./Core/Src/gpio.o
 .debug_macro   0x00000e96       0x28 ./Core/Src/gpio.o
 .debug_macro   0x00000ebe       0x22 ./Core/Src/gpio.o
 .debug_macro   0x00000ee0       0x8e ./Core/Src/gpio.o
 .debug_macro   0x00000f6e       0x51 ./Core/Src/gpio.o
 .debug_macro   0x00000fbf      0x103 ./Core/Src/gpio.o
 .debug_macro   0x000010c2       0x6a ./Core/Src/gpio.o
 .debug_macro   0x0000112c      0x1df ./Core/Src/gpio.o
 .debug_macro   0x0000130b       0x1c ./Core/Src/gpio.o
 .debug_macro   0x00001327       0x22 ./Core/Src/gpio.o
 .debug_macro   0x00001349       0xfb ./Core/Src/gpio.o
 .debug_macro   0x00001444     0x1011 ./Core/Src/gpio.o
 .debug_macro   0x00002455      0x11f ./Core/Src/gpio.o
 .debug_macro   0x00002574    0x16153 ./Core/Src/gpio.o
 .debug_macro   0x000186c7       0x6d ./Core/Src/gpio.o
 .debug_macro   0x00018734     0x38fb ./Core/Src/gpio.o
 .debug_macro   0x0001c02f      0x190 ./Core/Src/gpio.o
 .debug_macro   0x0001c1bf       0x5c ./Core/Src/gpio.o
 .debug_macro   0x0001c21b     0x13b4 ./Core/Src/gpio.o
 .debug_macro   0x0001d5cf      0x5dd ./Core/Src/gpio.o
 .debug_macro   0x0001dbac      0x1b9 ./Core/Src/gpio.o
 .debug_macro   0x0001dd65      0x130 ./Core/Src/gpio.o
 .debug_macro   0x0001de95      0x2c4 ./Core/Src/gpio.o
 .debug_macro   0x0001e159      0x27a ./Core/Src/gpio.o
 .debug_macro   0x0001e3d3      0x23d ./Core/Src/gpio.o
 .debug_macro   0x0001e610      0x241 ./Core/Src/gpio.o
 .debug_macro   0x0001e851      0x375 ./Core/Src/gpio.o
 .debug_macro   0x0001ebc6       0xd6 ./Core/Src/gpio.o
 .debug_macro   0x0001ec9c      0x122 ./Core/Src/gpio.o
 .debug_macro   0x0001edbe      0x364 ./Core/Src/gpio.o
 .debug_macro   0x0001f122      0x2fe ./Core/Src/gpio.o
 .debug_macro   0x0001f420      0x5cf ./Core/Src/gpio.o
 .debug_macro   0x0001f9ef       0x44 ./Core/Src/gpio.o
 .debug_macro   0x0001fa33      0x26d ./Core/Src/gpio.o
 .debug_macro   0x0001fca0      0x10c ./Core/Src/gpio.o
 .debug_macro   0x0001fdac      0x3f6 ./Core/Src/main.o
 .debug_macro   0x000201a2       0x22 ./Core/Src/main.o
 .debug_macro   0x000201c4       0x10 ./Core/Src/main.o
 .debug_macro   0x000201d4       0x58 ./Core/Src/main.o
 .debug_macro   0x0002022c       0x5e ./Core/Src/main.o
 .debug_macro   0x0002028a       0x61 ./Core/Src/main.o
 .debug_macro   0x000202eb       0x2a ./Core/Src/main.o
 .debug_macro   0x00020315       0x43 ./Core/Src/main.o
 .debug_macro   0x00020358       0x34 ./Core/Src/main.o
 .debug_macro   0x0002038c       0x16 ./Core/Src/main.o
 .debug_macro   0x000203a2       0x3c ./Core/Src/main.o
 .debug_macro   0x000203de      0x364 ./Core/Src/main.o
 .debug_macro   0x00020742       0x10 ./Core/Src/main.o
 .debug_macro   0x00020752       0x16 ./Core/Src/main.o
 .debug_macro   0x00020768       0x4a ./Core/Src/main.o
 .debug_macro   0x000207b2       0x34 ./Core/Src/main.o
 .debug_macro   0x000207e6       0x10 ./Core/Src/main.o
 .debug_macro   0x000207f6       0x58 ./Core/Src/main.o
 .debug_macro   0x0002084e       0x8e ./Core/Src/main.o
 .debug_macro   0x000208dc       0x1c ./Core/Src/main.o
 .debug_macro   0x000208f8      0x17e ./Core/Src/main.o
 .debug_macro   0x00020a76       0x16 ./Core/Src/main.o
 .debug_macro   0x00020a8c       0x16 ./Core/Src/main.o
 .debug_macro   0x00020aa2      0x146 ./Core/Src/main.o
 .debug_macro   0x00020be8       0x16 ./Core/Src/main.o
 .debug_macro   0x00020bfe       0x20 ./Core/Src/main.o
 .debug_macro   0x00020c1e       0x4c ./Core/Src/main.o
 .debug_macro   0x00020c6a       0x1e ./Core/Src/main.o
 .debug_macro   0x00020c88       0x10 ./Core/Src/main.o
 .debug_macro   0x00020c98       0x51 ./Core/Src/main.o
 .debug_macro   0x00020ce9      0x1e9 ./Core/Src/spi.o
 .debug_macro   0x00020ed2      0x1df ./Core/Src/stm32l4xx_hal_msp.o
 .debug_macro   0x000210b1      0x1e9 ./Core/Src/stm32l4xx_it.o
 .debug_macro   0x0002129a      0x112 ./Core/Src/sysmem.o
 .debug_macro   0x000213ac      0x23c ./Core/Src/sysmem.o
 .debug_macro   0x000215e8      0x1d0 ./Core/Src/system_stm32l4xx.o
 .debug_macro   0x000217b8      0x1e9 ./Core/Src/usart.o
 .debug_macro   0x000219a1      0x21e ./Drivers/STM32L4xx_HAL_Driver/Src/stm32l4xx_hal.o
 .debug_macro   0x00021bbf      0x1d0 ./Drivers/STM32L4xx_HAL_Driver/Src/stm32l4xx_hal_cortex.o
 .debug_macro   0x00021d8f      0x1d0 ./Drivers/STM32L4xx_HAL_Driver/Src/stm32l4xx_hal_dma.o
 .debug_macro   0x00021f5f      0x1d7 ./Drivers/STM32L4xx_HAL_Driver/Src/stm32l4xx_hal_gpio.o
 .debug_macro   0x00022136      0x1e8 ./Drivers/STM32L4xx_HAL_Driver/Src/stm32l4xx_hal_pwr.o