../User_bsp/LCD_NHD_C12864LZ/LCD_NHD.c:76:6:comm_write	16	static
../User_bsp/LCD_NHD_C12864LZ/LCD_NHD.c:85:6:data_write	16	static
../User_bsp/LCD_NHD_C12864LZ/LCD_NHD.c:95:7:LCD_Init	8	static
../User_bsp/LCD_NHD_C12864LZ/LCD_NHD.c:117:6:LCD_Clear	16	static
../User_bsp/LCD_NHD_C12864LZ/LCD_NHD.c:134:6:LCD_Display	24	static
../User_bsp/LCD_NHD_C12864LZ/LCD_NHD.c:150:6:LCD_AllPixelOn	8	static
../User_bsp/LCD_NHD_C12864LZ/LCD_NHD.c:155:6:LCD_NormalDisplay	8	static
../User_bsp/LCD_NHD_C12864LZ/LCD_NHD.c:160:6:LCD_SetContrast	16	static
../User_bsp/LCD_NHD_C12864LZ/LCD_NHD.c:165:6:LCD_FillBlack	16	static
