../User_app/interface_lcd.c:119:6:blink_display	8	static
../User_app/interface_lcd.c:128:6:main_display	72	static
../User_app/interface_lcd.c:212:6:login_display	32	static
../User_app/interface_lcd.c:240:6:setting_display	16	static
../User_app/interface_lcd.c:265:6:modbus_display	56	static
../User_app/interface_lcd.c:315:6:calib_display	88	static
../User_app/interface_lcd.c:386:6:offset_display	120	static
../User_app/interface_lcd.c:490:6:warning_display	80	static
../User_app/interface_lcd.c:602:6:range_display	64	static
../User_app/interface_lcd.c:650:6:info_display	16	static
