../User_app/interface_lcd.c:107:6:cmd_wait_display	8	static
../User_app/interface_lcd.c:117:6:blink_display	8	static
../User_app/interface_lcd.c:126:6:main_display	72	static
../User_app/interface_lcd.c:210:6:login_display	32	static
../User_app/interface_lcd.c:238:6:setting_display	16	static
../User_app/interface_lcd.c:263:6:modbus_display	56	static
../User_app/interface_lcd.c:313:6:calib_display	72	static
../User_app/interface_lcd.c:364:6:offset_display	32	static
../User_app/interface_lcd.c:394:6:warning_display	40	static
../User_app/interface_lcd.c:458:6:range_display	64	static
../User_app/interface_lcd.c:505:6:info_display	16	static
