../User_app/Task.c:70:6:HAL_UART_RxCpltCallback	16	static
../User_app/Task.c:87:6:HAL_UART_IRQHandler_IDLE	16	static
../User_app/Task.c:103:6:CMD_Enqueue	16	static
../User_app/Task.c:117:16:CMD_Dequeue	16	static
../User_app/Task.c:137:13:send_command	24	static
../User_app/Task.c:223:16:check_response	16	static
../User_app/Task.c:298:6:process_cmd_queue	16	static
../User_app/Task.c:413:13:read_holding_registers	24	static
../User_app/Task.c:440:13:read_gain_once	8	static
../User_app/Task.c:451:13:poll_modbus	8	static
../User_app/Task.c:458:13:enqueue_read_all	8	static
../User_app/Task.c:469:13:enqueue_read_slope	8	static
../User_app/Task.c:480:13:compensate_ph	24	static
../User_app/Task.c:494:13:handle_warning_buzzer	16	static
../User_app/Task.c:535:13:handle_cmd_ui	8	static
../User_app/Task.c:602:13:handle_interface_display	8	static
../User_app/Task.c:634:9:_Cb_Sensor	16	static
../User_app/Task.c:651:9:_Cb_LCD_Display	16	static
../User_app/Task.c:667:9:_Cb_Button	16	static
../User_app/Task.c:697:9:Comm_Task	24	static
