../User_app/Task.c:70:6:HAL_UART_RxCpltCallback	16	static
../User_app/Task.c:88:6:CMD_Enqueue	16	static
../User_app/Task.c:102:16:CMD_Dequeue	16	static
../User_app/Task.c:122:13:send_command	24	static
../User_app/Task.c:208:16:check_response	16	static
../User_app/Task.c:283:6:process_cmd_queue	16	static
../User_app/Task.c:398:13:read_holding_registers	24	static
../User_app/Task.c:425:13:read_gain_once	8	static
../User_app/Task.c:436:13:poll_modbus	8	static
../User_app/Task.c:443:13:enqueue_read_all	8	static
../User_app/Task.c:454:13:enqueue_read_slope	8	static
../User_app/Task.c:465:13:compensate_ph	24	static
../User_app/Task.c:479:13:handle_warning_buzzer	16	static
../User_app/Task.c:520:13:handle_cmd_ui	8	static
../User_app/Task.c:587:13:handle_interface_display	8	static
../User_app/Task.c:619:9:_Cb_Sensor	16	static
../User_app/Task.c:636:9:_Cb_LCD_Display	16	static
../User_app/Task.c:652:9:_Cb_Button	16	static
../User_app/Task.c:682:9:Comm_Task	24	static
