../User_bsp/glcd-master/controllers/ST7565R.c:15:6:glcd_command	16	static
../User_bsp/glcd-master/controllers/ST7565R.c:21:6:glcd_data	16	static
../User_bsp/glcd-master/controllers/ST7565R.c:27:6:glcd_set_contrast	16	static
../User_bsp/glcd-master/controllers/ST7565R.c:42:6:glcd_power_down	8	static
../User_bsp/glcd-master/controllers/ST7565R.c:53:6:glcd_power_up	8	static
../User_bsp/glcd-master/controllers/ST7565R.c:63:6:glcd_set_y_address	16	static
../User_bsp/glcd-master/controllers/ST7565R.c:68:6:glcd_set_x_address	16	static
../User_bsp/glcd-master/controllers/ST7565R.c:74:6:glcd_all_on	8	static
../User_bsp/glcd-master/controllers/ST7565R.c:79:6:glcd_normal	8	static
../User_bsp/glcd-master/controllers/ST7565R.c:84:6:glcd_set_column_upper	16	static
../User_bsp/glcd-master/controllers/ST7565R.c:89:6:glcd_set_column_lower	16	static
../User_bsp/glcd-master/controllers/ST7565R.c:94:6:glcd_set_start_line	16	static
../User_bsp/glcd-master/controllers/ST7565R.c:100:6:glcd_clear_now	16	static
../User_bsp/glcd-master/controllers/ST7565R.c:113:6:glcd_pattern	16	static
../User_bsp/glcd-master/controllers/ST7565R.c:126:6:glcd_write	16	static
../User_bsp/glcd-master/controllers/ST7565R.c:156:6:glcd_ST7565R_init	8	static
