../User_bsp/glcd-master/controllers/ST7565R.c:15:6:glcd_command	16	static
../User_bsp/glcd-master/controllers/ST7565R.c:23:6:glcd_data	16	static
../User_bsp/glcd-master/controllers/ST7565R.c:31:6:glcd_set_contrast	16	static
../User_bsp/glcd-master/controllers/ST7565R.c:46:6:glcd_power_down	8	static
../User_bsp/glcd-master/controllers/ST7565R.c:57:6:glcd_power_up	8	static
../User_bsp/glcd-master/controllers/ST7565R.c:67:6:glcd_set_y_address	16	static
../User_bsp/glcd-master/controllers/ST7565R.c:72:6:glcd_set_x_address	16	static
../User_bsp/glcd-master/controllers/ST7565R.c:78:6:glcd_all_on	8	static
../User_bsp/glcd-master/controllers/ST7565R.c:83:6:glcd_normal	8	static
../User_bsp/glcd-master/controllers/ST7565R.c:88:6:glcd_set_column_upper	16	static
../User_bsp/glcd-master/controllers/ST7565R.c:93:6:glcd_set_column_lower	16	static
../User_bsp/glcd-master/controllers/ST7565R.c:98:6:glcd_set_start_line	16	static
../User_bsp/glcd-master/controllers/ST7565R.c:104:6:glcd_clear_now	16	static
../User_bsp/glcd-master/controllers/ST7565R.c:117:6:glcd_pattern	16	static
../User_bsp/glcd-master/controllers/ST7565R.c:130:6:glcd_write	16	static
../User_bsp/glcd-master/controllers/ST7565R.c:160:6:glcd_ST7565R_init	8	static
