../User_bsp/rs485/bsp_rs485.c:11:28:RS485_GetHandle	16	static
../User_bsp/rs485/bsp_rs485.c:24:6:BSP_RS485_Init	8	static
../User_bsp/rs485/bsp_rs485.c:33:6:BSP_RS485_TX_Mode	16	static
../User_bsp/rs485/bsp_rs485.c:51:6:BSP_RS485_RX_Mode	16	static
../User_bsp/rs485/bsp_rs485.c:72:19:BSP_RS485_Send	32	static
../User_bsp/rs485/bsp_rs485.c:97:19:BSP_RS485_Send_IT	24	static
../User_bsp/rs485/bsp_rs485.c:114:19:BSP_RS485_Send_DMA	24	static
../User_bsp/rs485/bsp_rs485.c:131:19:BSP_RS485_Receive_IT	24	static
../User_bsp/rs485/bsp_rs485.c:147:19:BSP_RS485_Receive_DMA	24	static
../User_bsp/rs485/bsp_rs485.c:164:19:BSP_RS485_SetBaudrate	24	static
../User_bsp/rs485/bsp_rs485.c:182:6:BSP_RS485_WaitTC	24	static
