../User_bsp/rs485/bsp_rs485.c:15:28:RS485_GetHandle	16	static
../User_bsp/rs485/bsp_rs485.c:28:6:BSP_RS485_Init	8	static
../User_bsp/rs485/bsp_rs485.c:37:6:BSP_RS485_TX_Mode	16	static
../User_bsp/rs485/bsp_rs485.c:55:6:BSP_RS485_RX_Mode	16	static
../User_bsp/rs485/bsp_rs485.c:76:19:BSP_RS485_Send	32	static
../User_bsp/rs485/bsp_rs485.c:101:19:BSP_RS485_Send_IT	24	static
../User_bsp/rs485/bsp_rs485.c:118:19:BSP_RS485_Send_DMA	24	static
../User_bsp/rs485/bsp_rs485.c:135:19:BSP_RS485_Receive_IT	24	static
../User_bsp/rs485/bsp_rs485.c:151:19:BSP_RS485_Receive_DMA	24	static
../User_bsp/rs485/bsp_rs485.c:168:19:BSP_RS485_SetBaudrate	24	static
../User_bsp/rs485/bsp_rs485.c:186:6:BSP_RS485_WaitTC	24	static
