../User_bsp/glcd-master/glcd.c:50:6:glcd_update_bbox	16	static
../User_bsp/glcd-master/glcd.c:82:6:glcd_reset_bbox	4	static
../User_bsp/glcd-master/glcd.c:91:6:glcd_bbox_reset	8	static
../User_bsp/glcd-master/glcd.c:95:6:glcd_bbox_refresh	4	static
../User_bsp/glcd-master/glcd.c:103:6:glcd_clear	8	static
../User_bsp/glcd-master/glcd.c:109:6:glcd_clear_buffer	8	static
../User_bsp/glcd-master/glcd.c:114:6:glcd_select_screen	16	static
../User_bsp/glcd-master/glcd.c:120:6:glcd_scroll	24	static
../User_bsp/glcd-master/glcd.c:134:6:glcd_scroll_line	16	static
