../User_bsp/glcd-master/glcd.c:42:6:glcd_update_bbox	16	static
../User_bsp/glcd-master/glcd.c:74:6:glcd_reset_bbox	4	static
../User_bsp/glcd-master/glcd.c:83:6:glcd_bbox_reset	8	static
../User_bsp/glcd-master/glcd.c:87:6:glcd_bbox_refresh	4	static
../User_bsp/glcd-master/glcd.c:95:6:glcd_clear	8	static
../User_bsp/glcd-master/glcd.c:101:6:glcd_clear_buffer	8	static
../User_bsp/glcd-master/glcd.c:106:6:glcd_select_screen	16	static
../User_bsp/glcd-master/glcd.c:112:6:glcd_scroll	24	static
../User_bsp/glcd-master/glcd.c:126:6:glcd_scroll_line	16	static
